******************************************************************************
                  TI ARM Linker PC v5.2.7                      
******************************************************************************
>> Linked Wed Feb 17 13:54:04 2016

OUTPUT FILE NAME:   <tifo.out>
ENTRY POINT SYMBOL: "_c_int00"  address: 00000901


MEMORY CONFIGURATION

         name            origin    length      used     unused   attr    fill
----------------------  --------  ---------  --------  --------  ----  --------
  FLASH                 00000000   00040000  00000b18  0003f4e8  R  X
  SRAM                  20000000   00008000  000003d4  00007c2c  RW X


SEGMENT ALLOCATION MAP

run origin  load origin   length   init length attrs members
----------  ----------- ---------- ----------- ----- -------
00000000    00000000    00000b18   00000b18    r-x
  00000000    00000000    0000026c   0000026c    r-- .intvecs
  0000026c    0000026c    0000081c   0000081c    r-x .text
  00000a88    00000a88    00000090   00000090    r-- .cinit
20000000    20000000    000003d4   00000000    rw-
  20000000    20000000    00000200   00000000    rw- .stack
  20000200    20000200    0000013c   00000000    rw- .bss
  2000033c    2000033c    00000098   00000000    rw- .data


SECTION ALLOCATION MAP

 output                                  attributes/
section   page    origin      length       input sections
--------  ----  ----------  ----------   ----------------
.intvecs   0    00000000    0000026c     
                  00000000    0000026c     tm4c123gh6pm_startup_ccs.obj (.intvecs)

.text      0    0000026c    0000081c     
                  0000026c    000002d4     rtsv7M4_T_le_v4SPD16_eabi.lib : trgdrv.obj (.text)
                  00000540    00000108     InputInterpreter.obj (.text)
                  00000648    0000009c     rtsv7M4_T_le_v4SPD16_eabi.lib : memcpy_t2.obj (.text)
                  000006e4    0000007a                                   : memset_t2.obj (.text)
                  0000075e    00000002     --HOLE-- [fill = 0]
                  00000760    0000006c                                   : autoinit.obj (.text)
                  000007cc    0000006a                                   : copy_decompress_rle.obj (.text)
                  00000836    00000002     --HOLE-- [fill = 0]
                  00000838    00000068                                   : trgmsg.obj (.text)
                  000008a0    00000060     ImageHandler.obj (.text)
                  00000900    00000050     rtsv7M4_T_le_v4SPD16_eabi.lib : boot.obj (.text)
                  00000950    0000004c                                   : cpy_tbl.obj (.text)
                  0000099c    00000044                                   : exit.obj (.text)
                  000009e0    00000018                                   : args_main.obj (.text)
                  000009f8    00000014                                   : _lock.obj (.text)
                  00000a0c    00000014                                   : strcpy.obj (.text)
                  00000a20    00000014                                   : strlen.obj (.text)
                  00000a34    0000000e                                   : copy_decompress_none.obj (.text:decompress:none)
                  00000a42    0000000e                                   : time.obj (.text)
                  00000a50    0000000c                                   : copy_zero_init.obj (.text:decompress:ZI)
                  00000a5c    0000000c     main.obj (.text)
                  00000a68    0000000c     tm4c123gh6pm_startup_ccs.obj (.text)
                  00000a74    0000000a     OutputInterpreter.obj (.text)
                  00000a7e    00000006     rtsv7M4_T_le_v4SPD16_eabi.lib : copy_decompress_rle.obj (.text:decompress:rle24)
                  00000a84    00000004                                   : pre_init.obj (.text)

.cinit     0    00000a88    00000090     
                  00000a88    0000006a     (.cinit..data.load) [load image, compression = rle]
                  00000af2    00000002     --HOLE-- [fill = 0]
                  00000af4    0000000c     (__TI_handler_table)
                  00000b00    00000008     (.cinit..bss.load) [load image, compression = zero_init]
                  00000b08    00000010     (__TI_cinit_table)

.init_array 
*          0    00000000    00000000     UNINITIALIZED

.stack     0    20000000    00000200     UNINITIALIZED
                  20000000    00000200     --HOLE--

.bss       0    20000200    0000013c     UNINITIALIZED
                  20000200    00000120     rtsv7M4_T_le_v4SPD16_eabi.lib : trgmsg.obj (.bss:__CIOBUF_)
                  20000320    00000008     (.common:parmbuf)
                  20000328    00000004     (.common:dir)
                  2000032c    00000004     (.common:lastPeriodTime)
                  20000330    00000004     (.common:lastUpdate)
                  20000334    00000004     (.common:speed)
                  20000338    00000004     (.common:timeSinceTurn)

.TI.noinit 
*          0    20000200    00000000     UNINITIALIZED

.data      0    2000033c    00000098     UNINITIALIZED
                  2000033c    00000080     ImageHandler.obj (.data:img)
                  200003bc    00000008     rtsv7M4_T_le_v4SPD16_eabi.lib : _lock.obj (.data)
                  200003c4    00000008                                   : exit.obj (.data)
                  200003cc    00000004     ImageHandler.obj (.data)
                  200003d0    00000004     rtsv7M4_T_le_v4SPD16_eabi.lib : stkdepth_vars.obj (.data)

.TI.persistent 
*          0    2000033c    00000000     UNINITIALIZED


LINKER GENERATED COPY TABLES

__TI_cinit_table @ 00000b08 records: 2, size/record: 8, table size: 16
	.data: load addr=00000a88, load size=0000006a bytes, run addr=2000033c, run size=00000098 bytes, compression=rle
	.bss: load addr=00000b00, load size=00000008 bytes, run addr=20000200, run size=0000013c bytes, compression=zero_init


LINKER GENERATED HANDLER TABLE

__TI_handler_table @ 00000af4 records: 3, size/record: 4, table size: 12
	index: 0, handler: __TI_decompress_rle24
	index: 1, handler: __TI_decompress_none
	index: 2, handler: __TI_zero_init


GLOBAL SYMBOLS: SORTED ALPHABETICALLY BY Name 

address   name                    
-------   ----                    
0000099d  C$$EXIT                 
00000867  C$$IO$$                 
000004f9  HOSTclock               
000004c1  HOSTclose               
00000483  HOSTgetenv              
00000427  HOSTlseek               
000003d5  HOSTopen                
00000389  HOSTread                
0000032b  HOSTrename              
000002f1  HOSTtime                
000002b9  HOSTunlink              
0000026d  HOSTwrite               
00000a69  ResetISR                
UNDEFED   SHT$$INIT_ARRAY$$Base   
UNDEFED   SHT$$INIT_ARRAY$$Limit  
20000200  __CIOBUF_               
20000200  __STACK_END             
00000200  __STACK_SIZE            
20000200  __STACK_TOP             
00000b08  __TI_CINIT_Base         
00000b18  __TI_CINIT_Limit        
00000af4  __TI_Handler_Table_Base 
00000b00  __TI_Handler_Table_Limit
00000761  __TI_auto_init          
200003c4  __TI_cleanup_ptr        
00000a35  __TI_decompress_none    
00000a7f  __TI_decompress_rle24   
200003c8  __TI_dtors_ptr          
0000086b  __TI_readmsg            
00000000  __TI_static_base__      
00000839  __TI_writemsg           
00000a51  __TI_zero_init          
000006e5  __aeabi_memclr          
000006e5  __aeabi_memclr4         
000006e5  __aeabi_memclr8         
00000649  __aeabi_memcpy          
00000649  __aeabi_memcpy4         
00000649  __aeabi_memcpy8         
000006e7  __aeabi_memset          
000006e7  __aeabi_memset4         
000006e7  __aeabi_memset8         
ffffffff  __binit__               
ffffffff  __c_args__              
20000000  __stack                 
000009e1  _args_main              
00000901  _c_int00                
200003bc  _lock                   
00000a07  _nop                    
000009ff  _register_lock          
000009f9  _register_unlock        
00000a85  _system_pre_init        
200003c0  _unlock                 
000009a1  abort                   
ffffffff  binit                   
00000951  copy_in                 
000009a9  exit                    
00000000  g_pfnVectors            
00000541  inputInterpreterInit    
00000a5d  main                    
200003d0  main_func_sp            
00000649  memcpy                  
000006ed  memset                  
00000a0d  strcpy                  
00000a21  strlen                  
00000a43  time                    
000008a1  updateImage             
00000a75  updateOutputs           
0000056f  updatePosition          


GLOBAL SYMBOLS: SORTED BY Symbol Address 

address   name                    
-------   ----                    
00000000  __TI_static_base__      
00000000  g_pfnVectors            
00000200  __STACK_SIZE            
0000026d  HOSTwrite               
000002b9  HOSTunlink              
000002f1  HOSTtime                
0000032b  HOSTrename              
00000389  HOSTread                
000003d5  HOSTopen                
00000427  HOSTlseek               
00000483  HOSTgetenv              
000004c1  HOSTclose               
000004f9  HOSTclock               
00000541  inputInterpreterInit    
0000056f  updatePosition          
00000649  __aeabi_memcpy          
00000649  __aeabi_memcpy4         
00000649  __aeabi_memcpy8         
00000649  memcpy                  
000006e5  __aeabi_memclr          
000006e5  __aeabi_memclr4         
000006e5  __aeabi_memclr8         
000006e7  __aeabi_memset          
000006e7  __aeabi_memset4         
000006e7  __aeabi_memset8         
000006ed  memset                  
00000761  __TI_auto_init          
00000839  __TI_writemsg           
00000867  C$$IO$$                 
0000086b  __TI_readmsg            
000008a1  updateImage             
00000901  _c_int00                
00000951  copy_in                 
0000099d  C$$EXIT                 
000009a1  abort                   
000009a9  exit                    
000009e1  _args_main              
000009f9  _register_unlock        
000009ff  _register_lock          
00000a07  _nop                    
00000a0d  strcpy                  
00000a21  strlen                  
00000a35  __TI_decompress_none    
00000a43  time                    
00000a51  __TI_zero_init          
00000a5d  main                    
00000a69  ResetISR                
00000a75  updateOutputs           
00000a7f  __TI_decompress_rle24   
00000a85  _system_pre_init        
00000af4  __TI_Handler_Table_Base 
00000b00  __TI_Handler_Table_Limit
00000b08  __TI_CINIT_Base         
00000b18  __TI_CINIT_Limit        
20000000  __stack                 
20000200  __CIOBUF_               
20000200  __STACK_END             
20000200  __STACK_TOP             
200003bc  _lock                   
200003c0  _unlock                 
200003c4  __TI_cleanup_ptr        
200003c8  __TI_dtors_ptr          
200003d0  main_func_sp            
ffffffff  __binit__               
ffffffff  __c_args__              
ffffffff  binit                   
UNDEFED   SHT$$INIT_ARRAY$$Base   
UNDEFED   SHT$$INIT_ARRAY$$Limit  

[68 symbols]
