******************************************************************************
                  TI ARM Linker PC v5.2.7                      
******************************************************************************
>> Linked Mon Feb 22 14:20:43 2016

OUTPUT FILE NAME:   <tifo.out>
ENTRY POINT SYMBOL: "_c_int00"  address: 0000045d


MEMORY CONFIGURATION

         name            origin    length      used     unused   attr    fill
----------------------  --------  ---------  --------  --------  ----  --------
  FLASH                 00000000   00040000  000005f4  0003fa0c  R  X
  SRAM                  20000000   00008000  00000214  00007dec  RW X


SEGMENT ALLOCATION MAP

run origin  load origin   length   init length attrs members
----------  ----------- ---------- ----------- ----- -------
00000000    00000000    000005f8   000005f8    r-x
  00000000    00000000    0000026c   0000026c    r-- .intvecs
  0000026c    0000026c    00000368   00000368    r-x .text
  000005d8    000005d8    00000020   00000020    r-- .cinit
20000000    20000000    00000214   00000000    rw-
  20000000    20000000    00000200   00000000    rw- .stack
  20000200    20000200    00000014   00000000    rw- .data


SECTION ALLOCATION MAP

 output                                  attributes/
section   page    origin      length       input sections
--------  ----  ----------  ----------   ----------------
.intvecs   0    00000000    0000026c     
                  00000000    0000026c     tm4c123gh6pm_startup_ccs.obj (.intvecs)

.text      0    0000026c    00000368     
                  0000026c    0000009c     rtsv7M4_T_le_v4SPD16_eabi.lib : memcpy_t2.obj (.text)
                  00000308    0000007a                                   : memset_t2.obj (.text)
                  00000382    00000002     --HOLE-- [fill = 0]
                  00000384    0000006c                                   : autoinit.obj (.text)
                  000003f0    0000006a                                   : copy_decompress_rle.obj (.text)
                  0000045a    00000002     --HOLE-- [fill = 0]
                  0000045c    00000050                                   : boot.obj (.text)
                  000004ac    0000004c                                   : cpy_tbl.obj (.text)
                  000004f8    00000048     main.obj (.text)
                  00000540    00000044     rtsv7M4_T_le_v4SPD16_eabi.lib : exit.obj (.text)
                  00000584    00000018                                   : args_main.obj (.text)
                  0000059c    00000014                                   : _lock.obj (.text)
                  000005b0    0000000e                                   : copy_decompress_none.obj (.text:decompress:none)
                  000005be    0000000c     tm4c123gh6pm_startup_ccs.obj (.text)
                  000005ca    00000006     rtsv7M4_T_le_v4SPD16_eabi.lib : copy_decompress_rle.obj (.text:decompress:rle24)
                  000005d0    00000004                                   : pre_init.obj (.text)

.cinit     0    000005d8    00000020     
                  000005d8    0000000f     (.cinit..data.load) [load image, compression = rle]
                  000005e7    00000001     --HOLE-- [fill = 0]
                  000005e8    00000008     (__TI_handler_table)
                  000005f0    00000008     (__TI_cinit_table)

.init_array 
*          0    00000000    00000000     UNINITIALIZED

.stack     0    20000000    00000200     UNINITIALIZED
                  20000000    00000200     --HOLE--

.data      0    20000200    00000014     UNINITIALIZED
                  20000200    00000008     rtsv7M4_T_le_v4SPD16_eabi.lib : _lock.obj (.data)
                  20000208    00000008                                   : exit.obj (.data)
                  20000210    00000004                                   : stkdepth_vars.obj (.data)

.TI.persistent 
*          0    20000200    00000000     UNINITIALIZED


LINKER GENERATED COPY TABLES

__TI_cinit_table @ 000005f0 records: 1, size/record: 8, table size: 8
	.data: load addr=000005d8, load size=0000000f bytes, run addr=20000200, run size=00000014 bytes, compression=rle


LINKER GENERATED HANDLER TABLE

__TI_handler_table @ 000005e8 records: 2, size/record: 4, table size: 8
	index: 0, handler: __TI_decompress_rle24
	index: 1, handler: __TI_decompress_none


GLOBAL SYMBOLS: SORTED ALPHABETICALLY BY Name 

address   name                    
-------   ----                    
00000541  C$$EXIT                 
UNDEFED   GPIOPinTypeGPIOOutput   
UNDEFED   GPIOPinWrite            
000005bf  ResetISR                
UNDEFED   SHT$$INIT_ARRAY$$Base   
UNDEFED   SHT$$INIT_ARRAY$$Limit  
UNDEFED   SysCtlClockSet          
UNDEFED   SysCtlDelay             
UNDEFED   SysCtlPeripheralEnable  
20000200  __STACK_END             
00000200  __STACK_SIZE            
20000200  __STACK_TOP             
000005f0  __TI_CINIT_Base         
000005f8  __TI_CINIT_Limit        
000005e8  __TI_Handler_Table_Base 
000005f0  __TI_Handler_Table_Limit
00000385  __TI_auto_init          
20000208  __TI_cleanup_ptr        
000005b1  __TI_decompress_none    
000005cb  __TI_decompress_rle24   
2000020c  __TI_dtors_ptr          
00000000  __TI_static_base__      
00000309  __aeabi_memclr          
00000309  __aeabi_memclr4         
00000309  __aeabi_memclr8         
0000026d  __aeabi_memcpy          
0000026d  __aeabi_memcpy4         
0000026d  __aeabi_memcpy8         
0000030b  __aeabi_memset          
0000030b  __aeabi_memset4         
0000030b  __aeabi_memset8         
ffffffff  __binit__               
ffffffff  __c_args__              
20000000  __stack                 
00000585  _args_main              
0000045d  _c_int00                
20000200  _lock                   
000005ab  _nop                    
000005a3  _register_lock          
0000059d  _register_unlock        
000005d1  _system_pre_init        
20000204  _unlock                 
00000545  abort                   
ffffffff  binit                   
000004ad  copy_in                 
0000054d  exit                    
00000000  g_pfnVectors            
000004f9  main                    
20000210  main_func_sp            
0000026d  memcpy                  
00000311  memset                  


GLOBAL SYMBOLS: SORTED BY Symbol Address 

address   name                    
-------   ----                    
00000000  __TI_static_base__      
00000000  g_pfnVectors            
00000200  __STACK_SIZE            
0000026d  __aeabi_memcpy          
0000026d  __aeabi_memcpy4         
0000026d  __aeabi_memcpy8         
0000026d  memcpy                  
00000309  __aeabi_memclr          
00000309  __aeabi_memclr4         
00000309  __aeabi_memclr8         
0000030b  __aeabi_memset          
0000030b  __aeabi_memset4         
0000030b  __aeabi_memset8         
00000311  memset                  
00000385  __TI_auto_init          
0000045d  _c_int00                
000004ad  copy_in                 
000004f9  main                    
00000541  C$$EXIT                 
00000545  abort                   
0000054d  exit                    
00000585  _args_main              
0000059d  _register_unlock        
000005a3  _register_lock          
000005ab  _nop                    
000005b1  __TI_decompress_none    
000005bf  ResetISR                
000005cb  __TI_decompress_rle24   
000005d1  _system_pre_init        
000005e8  __TI_Handler_Table_Base 
000005f0  __TI_CINIT_Base         
000005f0  __TI_Handler_Table_Limit
000005f8  __TI_CINIT_Limit        
20000000  __stack                 
20000200  __STACK_END             
20000200  __STACK_TOP             
20000200  _lock                   
20000204  _unlock                 
20000208  __TI_cleanup_ptr        
2000020c  __TI_dtors_ptr          
20000210  main_func_sp            
ffffffff  __binit__               
ffffffff  __c_args__              
ffffffff  binit                   
UNDEFED   GPIOPinTypeGPIOOutput   
UNDEFED   GPIOPinWrite            
UNDEFED   SHT$$INIT_ARRAY$$Base   
UNDEFED   SHT$$INIT_ARRAY$$Limit  
UNDEFED   SysCtlClockSet          
UNDEFED   SysCtlDelay             
UNDEFED   SysCtlPeripheralEnable  

[51 symbols]
