<?xml version="1.0"?>
<link_info>
   <banner>TI ARM Linker PC v5.2.5</banner>
   <copyright>Copyright (c) 1996-2015 Texas Instruments Incorporated</copyright>
   <link_time>0x56d050b7</link_time>
   <link_errors>0x1</link_errors>
   <output_file>TIFO.out</output_file>
   <entry_point>
      <name>_c_int00</name>
      <address>0x225d</address>
   </entry_point>
   <input_file_list>
      <input_file id="fl-2">
         <path>.\</path>
         <kind>object</kind>
         <file>I2Ccommunication.obj</file>
         <name>I2Ccommunication.obj</name>
      </input_file>
      <input_file id="fl-3">
         <path>.\</path>
         <kind>object</kind>
         <file>ImageHandler.obj</file>
         <name>ImageHandler.obj</name>
      </input_file>
      <input_file id="fl-4">
         <path>.\</path>
         <kind>object</kind>
         <file>InputInterpreter.obj</file>
         <name>InputInterpreter.obj</name>
      </input_file>
      <input_file id="fl-5">
         <path>.\</path>
         <kind>object</kind>
         <file>OutputInterpreter.obj</file>
         <name>OutputInterpreter.obj</name>
      </input_file>
      <input_file id="fl-6">
         <path>.\</path>
         <kind>object</kind>
         <file>main.obj</file>
         <name>main.obj</name>
      </input_file>
      <input_file id="fl-7">
         <path>.\</path>
         <kind>object</kind>
         <file>tm4c123gh6pm_startup_ccs.obj</file>
         <name>tm4c123gh6pm_startup_ccs.obj</name>
      </input_file>
      <input_file id="fl-8">
         <path>.\driverlib\</path>
         <kind>object</kind>
         <file>adc.obj</file>
         <name>adc.obj</name>
      </input_file>
      <input_file id="fl-9">
         <path>.\driverlib\</path>
         <kind>object</kind>
         <file>aes.obj</file>
         <name>aes.obj</name>
      </input_file>
      <input_file id="fl-a">
         <path>.\driverlib\</path>
         <kind>object</kind>
         <file>can.obj</file>
         <name>can.obj</name>
      </input_file>
      <input_file id="fl-b">
         <path>.\driverlib\</path>
         <kind>object</kind>
         <file>comp.obj</file>
         <name>comp.obj</name>
      </input_file>
      <input_file id="fl-c">
         <path>.\driverlib\</path>
         <kind>object</kind>
         <file>cpu.obj</file>
         <name>cpu.obj</name>
      </input_file>
      <input_file id="fl-d">
         <path>.\driverlib\</path>
         <kind>object</kind>
         <file>crc.obj</file>
         <name>crc.obj</name>
      </input_file>
      <input_file id="fl-e">
         <path>.\driverlib\</path>
         <kind>object</kind>
         <file>des.obj</file>
         <name>des.obj</name>
      </input_file>
      <input_file id="fl-f">
         <path>.\driverlib\</path>
         <kind>object</kind>
         <file>eeprom.obj</file>
         <name>eeprom.obj</name>
      </input_file>
      <input_file id="fl-10">
         <path>.\driverlib\</path>
         <kind>object</kind>
         <file>emac.obj</file>
         <name>emac.obj</name>
      </input_file>
      <input_file id="fl-11">
         <path>.\driverlib\</path>
         <kind>object</kind>
         <file>epi.obj</file>
         <name>epi.obj</name>
      </input_file>
      <input_file id="fl-12">
         <path>.\driverlib\</path>
         <kind>object</kind>
         <file>epi_workaround_ccs.obj</file>
         <name>epi_workaround_ccs.obj</name>
      </input_file>
      <input_file id="fl-13">
         <path>.\driverlib\</path>
         <kind>object</kind>
         <file>flash.obj</file>
         <name>flash.obj</name>
      </input_file>
      <input_file id="fl-14">
         <path>.\driverlib\</path>
         <kind>object</kind>
         <file>fpu.obj</file>
         <name>fpu.obj</name>
      </input_file>
      <input_file id="fl-15">
         <path>.\driverlib\</path>
         <kind>object</kind>
         <file>gpio.obj</file>
         <name>gpio.obj</name>
      </input_file>
      <input_file id="fl-16">
         <path>.\driverlib\</path>
         <kind>object</kind>
         <file>hibernate.obj</file>
         <name>hibernate.obj</name>
      </input_file>
      <input_file id="fl-17">
         <path>.\driverlib\</path>
         <kind>object</kind>
         <file>i2c.obj</file>
         <name>i2c.obj</name>
      </input_file>
      <input_file id="fl-18">
         <path>.\driverlib\</path>
         <kind>object</kind>
         <file>interrupt.obj</file>
         <name>interrupt.obj</name>
      </input_file>
      <input_file id="fl-19">
         <path>.\driverlib\</path>
         <kind>object</kind>
         <file>lcd.obj</file>
         <name>lcd.obj</name>
      </input_file>
      <input_file id="fl-1a">
         <path>.\driverlib\</path>
         <kind>object</kind>
         <file>mpu.obj</file>
         <name>mpu.obj</name>
      </input_file>
      <input_file id="fl-1b">
         <path>.\driverlib\</path>
         <kind>object</kind>
         <file>onewire.obj</file>
         <name>onewire.obj</name>
      </input_file>
      <input_file id="fl-1c">
         <path>.\driverlib\</path>
         <kind>object</kind>
         <file>pwm.obj</file>
         <name>pwm.obj</name>
      </input_file>
      <input_file id="fl-1d">
         <path>.\driverlib\</path>
         <kind>object</kind>
         <file>qei.obj</file>
         <name>qei.obj</name>
      </input_file>
      <input_file id="fl-1e">
         <path>.\driverlib\</path>
         <kind>object</kind>
         <file>shamd5.obj</file>
         <name>shamd5.obj</name>
      </input_file>
      <input_file id="fl-1f">
         <path>.\driverlib\</path>
         <kind>object</kind>
         <file>ssi.obj</file>
         <name>ssi.obj</name>
      </input_file>
      <input_file id="fl-20">
         <path>.\driverlib\</path>
         <kind>object</kind>
         <file>sw_crc.obj</file>
         <name>sw_crc.obj</name>
      </input_file>
      <input_file id="fl-21">
         <path>.\driverlib\</path>
         <kind>object</kind>
         <file>sysctl.obj</file>
         <name>sysctl.obj</name>
      </input_file>
      <input_file id="fl-22">
         <path>.\driverlib\</path>
         <kind>object</kind>
         <file>sysexc.obj</file>
         <name>sysexc.obj</name>
      </input_file>
      <input_file id="fl-23">
         <path>.\driverlib\</path>
         <kind>object</kind>
         <file>systick.obj</file>
         <name>systick.obj</name>
      </input_file>
      <input_file id="fl-24">
         <path>.\driverlib\</path>
         <kind>object</kind>
         <file>timer.obj</file>
         <name>timer.obj</name>
      </input_file>
      <input_file id="fl-25">
         <path>.\driverlib\</path>
         <kind>object</kind>
         <file>uart.obj</file>
         <name>uart.obj</name>
      </input_file>
      <input_file id="fl-26">
         <path>.\driverlib\</path>
         <kind>object</kind>
         <file>udma.obj</file>
         <name>udma.obj</name>
      </input_file>
      <input_file id="fl-27">
         <path>.\driverlib\</path>
         <kind>object</kind>
         <file>usb.obj</file>
         <name>usb.obj</name>
      </input_file>
      <input_file id="fl-28">
         <path>.\driverlib\</path>
         <kind>object</kind>
         <file>watchdog.obj</file>
         <name>watchdog.obj</name>
      </input_file>
      <input_file id="fl-29">
         <path>.\Examples\</path>
         <kind>object</kind>
         <file>main.obj</file>
         <name>main.obj</name>
      </input_file>
      <input_file id="fl-153">
         <path>C:\ti\ccsv6\tools\compiler\ti-cgt-arm_5.2.5\lib\</path>
         <kind>archive</kind>
         <file>rtsv7M4_T_le_v4SPD16_eabi.lib</file>
         <name>boot.obj</name>
      </input_file>
      <input_file id="fl-154">
         <path>C:\ti\ccsv6\tools\compiler\ti-cgt-arm_5.2.5\lib\</path>
         <kind>archive</kind>
         <file>rtsv7M4_T_le_v4SPD16_eabi.lib</file>
         <name>copy_decompress_none.obj</name>
      </input_file>
      <input_file id="fl-155">
         <path>C:\ti\ccsv6\tools\compiler\ti-cgt-arm_5.2.5\lib\</path>
         <kind>archive</kind>
         <file>rtsv7M4_T_le_v4SPD16_eabi.lib</file>
         <name>copy_decompress_rle.obj</name>
      </input_file>
      <input_file id="fl-156">
         <path>C:\ti\ccsv6\tools\compiler\ti-cgt-arm_5.2.5\lib\</path>
         <kind>archive</kind>
         <file>rtsv7M4_T_le_v4SPD16_eabi.lib</file>
         <name>copy_zero_init.obj</name>
      </input_file>
      <input_file id="fl-157">
         <path>C:\ti\ccsv6\tools\compiler\ti-cgt-arm_5.2.5\lib\</path>
         <kind>archive</kind>
         <file>rtsv7M4_T_le_v4SPD16_eabi.lib</file>
         <name>exit.obj</name>
      </input_file>
      <input_file id="fl-158">
         <path>C:\ti\ccsv6\tools\compiler\ti-cgt-arm_5.2.5\lib\</path>
         <kind>archive</kind>
         <file>rtsv7M4_T_le_v4SPD16_eabi.lib</file>
         <name>memcpy_t2.obj</name>
      </input_file>
      <input_file id="fl-159">
         <path>C:\ti\ccsv6\tools\compiler\ti-cgt-arm_5.2.5\lib\</path>
         <kind>archive</kind>
         <file>rtsv7M4_T_le_v4SPD16_eabi.lib</file>
         <name>memset_t2.obj</name>
      </input_file>
      <input_file id="fl-15a">
         <path>C:\ti\ccsv6\tools\compiler\ti-cgt-arm_5.2.5\lib\</path>
         <kind>archive</kind>
         <file>rtsv7M4_T_le_v4SPD16_eabi.lib</file>
         <name>pre_init.obj</name>
      </input_file>
      <input_file id="fl-15b">
         <path>C:\ti\ccsv6\tools\compiler\ti-cgt-arm_5.2.5\lib\</path>
         <kind>archive</kind>
         <file>rtsv7M4_T_le_v4SPD16_eabi.lib</file>
         <name>stkdepth_vars.obj</name>
      </input_file>
      <input_file id="fl-15c">
         <path>C:\ti\ccsv6\tools\compiler\ti-cgt-arm_5.2.5\lib\</path>
         <kind>archive</kind>
         <file>rtsv7M4_T_le_v4SPD16_eabi.lib</file>
         <name>time.obj</name>
      </input_file>
      <input_file id="fl-15d">
         <path>C:\ti\ccsv6\tools\compiler\ti-cgt-arm_5.2.5\lib\</path>
         <kind>archive</kind>
         <file>rtsv7M4_T_le_v4SPD16_eabi.lib</file>
         <name>trgdrv.obj</name>
      </input_file>
      <input_file id="fl-15e">
         <path>C:\ti\ccsv6\tools\compiler\ti-cgt-arm_5.2.5\lib\</path>
         <kind>archive</kind>
         <file>rtsv7M4_T_le_v4SPD16_eabi.lib</file>
         <name>trgmsg.obj</name>
      </input_file>
      <input_file id="fl-15f">
         <path>C:\ti\ccsv6\tools\compiler\ti-cgt-arm_5.2.5\lib\</path>
         <kind>archive</kind>
         <file>rtsv7M4_T_le_v4SPD16_eabi.lib</file>
         <name>_lock.obj</name>
      </input_file>
      <input_file id="fl-160">
         <path>C:\ti\ccsv6\tools\compiler\ti-cgt-arm_5.2.5\lib\</path>
         <kind>archive</kind>
         <file>rtsv7M4_T_le_v4SPD16_eabi.lib</file>
         <name>args_main.obj</name>
      </input_file>
      <input_file id="fl-161">
         <path>C:\ti\ccsv6\tools\compiler\ti-cgt-arm_5.2.5\lib\</path>
         <kind>archive</kind>
         <file>rtsv7M4_T_le_v4SPD16_eabi.lib</file>
         <name>autoinit.obj</name>
      </input_file>
      <input_file id="fl-162">
         <path>C:\ti\ccsv6\tools\compiler\ti-cgt-arm_5.2.5\lib\</path>
         <kind>archive</kind>
         <file>rtsv7M4_T_le_v4SPD16_eabi.lib</file>
         <name>cpy_tbl.obj</name>
      </input_file>
      <input_file id="fl-163">
         <path>C:\ti\ccsv6\tools\compiler\ti-cgt-arm_5.2.5\lib\</path>
         <kind>archive</kind>
         <file>rtsv7M4_T_le_v4SPD16_eabi.lib</file>
         <name>strcpy.obj</name>
      </input_file>
      <input_file id="fl-164">
         <path>C:\ti\ccsv6\tools\compiler\ti-cgt-arm_5.2.5\lib\</path>
         <kind>archive</kind>
         <file>rtsv7M4_T_le_v4SPD16_eabi.lib</file>
         <name>strlen.obj</name>
      </input_file>
   </input_file_list>
   <object_component_list>
      <object_component id="oc-f">
         <name>.intvecs</name>
         <load_address>0x0</load_address>
         <run_address>0x0</run_address>
         <size>0x26c</size>
         <input_file_ref idref="fl-7"/>
      </object_component>
      <object_component id="oc-c3">
         <name>.text</name>
         <load_address>0x26c</load_address>
         <run_address>0x26c</run_address>
         <size>0xef0</size>
         <input_file_ref idref="fl-21"/>
      </object_component>
      <object_component id="oc-c9">
         <name>.text</name>
         <load_address>0x115c</load_address>
         <run_address>0x115c</run_address>
         <size>0xb50</size>
         <input_file_ref idref="fl-15"/>
      </object_component>
      <object_component id="oc-f0">
         <name>.text</name>
         <load_address>0x1cac</load_address>
         <run_address>0x1cac</run_address>
         <size>0x3c0</size>
         <input_file_ref idref="fl-18"/>
      </object_component>
      <object_component id="oc-33">
         <name>.text</name>
         <load_address>0x206c</load_address>
         <run_address>0x206c</run_address>
         <size>0x9c</size>
         <input_file_ref idref="fl-158"/>
      </object_component>
      <object_component id="oc-4c">
         <name>.text</name>
         <load_address>0x2108</load_address>
         <run_address>0x2108</run_address>
         <size>0x7a</size>
         <input_file_ref idref="fl-159"/>
      </object_component>
      <object_component id="oc-5e">
         <name>.text</name>
         <load_address>0x2184</load_address>
         <run_address>0x2184</run_address>
         <size>0x6c</size>
         <input_file_ref idref="fl-161"/>
      </object_component>
      <object_component id="oc-3f">
         <name>.text</name>
         <load_address>0x21f0</load_address>
         <run_address>0x21f0</run_address>
         <size>0x6a</size>
         <input_file_ref idref="fl-155"/>
      </object_component>
      <object_component id="oc-24">
         <name>.text</name>
         <load_address>0x225c</load_address>
         <run_address>0x225c</run_address>
         <size>0x50</size>
         <input_file_ref idref="fl-153"/>
      </object_component>
      <object_component id="oc-95">
         <name>.text</name>
         <load_address>0x22ac</load_address>
         <run_address>0x22ac</run_address>
         <size>0x4c</size>
         <input_file_ref idref="fl-162"/>
      </object_component>
      <object_component id="oc-9d">
         <name>.text</name>
         <load_address>0x22f8</load_address>
         <run_address>0x22f8</run_address>
         <size>0x48</size>
         <input_file_ref idref="fl-6"/>
      </object_component>
      <object_component id="oc-6a">
         <name>.text</name>
         <load_address>0x2340</load_address>
         <run_address>0x2340</run_address>
         <size>0x44</size>
         <input_file_ref idref="fl-157"/>
      </object_component>
      <object_component id="oc-f6">
         <name>.text</name>
         <load_address>0x2384</load_address>
         <run_address>0x2384</run_address>
         <size>0x3e</size>
         <input_file_ref idref="fl-c"/>
      </object_component>
      <object_component id="oc-64">
         <name>.text</name>
         <load_address>0x23c4</load_address>
         <run_address>0x23c4</run_address>
         <size>0x18</size>
         <input_file_ref idref="fl-160"/>
      </object_component>
      <object_component id="oc-d8">
         <name>.text</name>
         <load_address>0x23dc</load_address>
         <run_address>0x23dc</run_address>
         <size>0x14</size>
         <input_file_ref idref="fl-15f"/>
      </object_component>
      <object_component id="oc-12">
         <name>.text:decompress:none</name>
         <load_address>0x23f0</load_address>
         <run_address>0x23f0</run_address>
         <size>0xe</size>
         <input_file_ref idref="fl-154"/>
      </object_component>
      <object_component id="oc-1e">
         <name>.text:decompress:ZI</name>
         <load_address>0x23fe</load_address>
         <run_address>0x23fe</run_address>
         <size>0xc</size>
         <input_file_ref idref="fl-156"/>
      </object_component>
      <object_component id="oc-2a">
         <name>.text</name>
         <load_address>0x240a</load_address>
         <run_address>0x240a</run_address>
         <size>0xc</size>
         <input_file_ref idref="fl-7"/>
      </object_component>
      <object_component id="oc-cf">
         <name>.text:SysCtlDelay</name>
         <load_address>0x2416</load_address>
         <run_address>0x2416</run_address>
         <size>0x6</size>
         <input_file_ref idref="fl-21"/>
      </object_component>
      <object_component id="oc-18">
         <name>.text:decompress:rle24</name>
         <load_address>0x241c</load_address>
         <run_address>0x241c</run_address>
         <size>0x6</size>
         <input_file_ref idref="fl-155"/>
      </object_component>
      <object_component id="oc-58">
         <name>.text</name>
         <load_address>0x2422</load_address>
         <run_address>0x2422</run_address>
         <size>0x4</size>
         <input_file_ref idref="fl-15a"/>
      </object_component>
      <object_component id="oc-ff">
         <name>.const:g_pppui32XTALtoVCO</name>
         <load_address>0x2428</load_address>
         <run_address>0x2428</run_address>
         <size>0x120</size>
         <input_file_ref idref="fl-21"/>
      </object_component>
      <object_component id="oc-107">
         <name>.const:g_ppui32GPIOIntMapBlizzard</name>
         <load_address>0x2548</load_address>
         <run_address>0x2548</run_address>
         <size>0xc0</size>
         <input_file_ref idref="fl-15"/>
      </object_component>
      <object_component id="oc-10d">
         <name>.const:g_ppui32GPIOIntMapSnowflake</name>
         <load_address>0x2608</load_address>
         <run_address>0x2608</run_address>
         <size>0xc0</size>
         <input_file_ref idref="fl-15"/>
      </object_component>
      <object_component id="oc-120">
         <name>.const:g_pui32Regs</name>
         <load_address>0x26c8</load_address>
         <run_address>0x26c8</run_address>
         <size>0x9c</size>
         <input_file_ref idref="fl-18"/>
      </object_component>
      <object_component id="oc-110">
         <name>.const:g_pui32GPIOBaseAddrs</name>
         <load_address>0x2764</load_address>
         <run_address>0x2764</run_address>
         <size>0x90</size>
         <input_file_ref idref="fl-15"/>
      </object_component>
      <object_component id="oc-11d">
         <name>.const</name>
         <load_address>0x27f4</load_address>
         <run_address>0x27f4</run_address>
         <size>0x70</size>
         <input_file_ref idref="fl-18"/>
      </object_component>
      <object_component id="oc-fc">
         <name>.const:g_pui32Xtals</name>
         <load_address>0x2864</load_address>
         <run_address>0x2864</run_address>
         <size>0x6c</size>
         <input_file_ref idref="fl-21"/>
      </object_component>
      <object_component id="oc-ed">
         <name>.const:g_sXTALtoMEMTIM</name>
         <load_address>0x28d0</load_address>
         <run_address>0x28d0</run_address>
         <size>0x30</size>
         <input_file_ref idref="fl-21"/>
      </object_component>
      <object_component id="oc-10a">
         <name>.const</name>
         <load_address>0x2900</load_address>
         <run_address>0x2900</run_address>
         <size>0x8</size>
         <input_file_ref idref="fl-15"/>
      </object_component>
      <object_component id="oc-102">
         <name>.const</name>
         <load_address>0x2908</load_address>
         <run_address>0x2908</run_address>
         <size>0x8</size>
         <input_file_ref idref="fl-21"/>
      </object_component>
      <object_component id="oc-166">
         <name>__TI_handler_table</name>
         <load_address>0x2910</load_address>
         <run_address>0x2910</run_address>
         <size>0xc</size>
      </object_component>
      <object_component id="oc-169">
         <name>.cinit..data.load</name>
         <load_address>0x2920</load_address>
         <run_address>0x2920</run_address>
         <size>0x9</size>
      </object_component>
      <object_component id="oc-168">
         <name>.cinit..vtable.load</name>
         <load_address>0x2930</load_address>
         <run_address>0x2930</run_address>
         <size>0x8</size>
      </object_component>
      <object_component id="oc-167">
         <name>__TI_cinit_table</name>
         <load_address>0x2938</load_address>
         <run_address>0x2938</run_address>
         <size>0x10</size>
      </object_component>
      <object_component id="oc-11a">
         <name>.vtable</name>
         <uninitialized>true</uninitialized>
         <run_address>0x20000000</run_address>
         <size>0x26c</size>
         <input_file_ref idref="fl-18"/>
      </object_component>
      <object_component id="oc-29">
         <name>.stack</name>
         <uninitialized>true</uninitialized>
         <run_address>0x2000026c</run_address>
         <size>0x0</size>
         <input_file_ref idref="fl-153"/>
      </object_component>
      <object_component id="oc-16a">
         <name>.stack</name>
         <uninitialized>true</uninitialized>
         <run_address>0x2000026c</run_address>
         <size>0x0</size>
      </object_component>
      <object_component id="oc-a8">
         <name>.data</name>
         <load_address>0x20000474</load_address>
         <run_address>0x20000474</run_address>
         <size>0x8</size>
         <input_file_ref idref="fl-157"/>
      </object_component>
      <object_component id="oc-70">
         <name>.data</name>
         <load_address>0x2000047c</load_address>
         <run_address>0x2000047c</run_address>
         <size>0x4</size>
         <input_file_ref idref="fl-15b"/>
      </object_component>
      <object_component id="oc-a5">
         <name>.data</name>
         <load_address>0x2000046c</load_address>
         <run_address>0x2000046c</run_address>
         <size>0x8</size>
         <input_file_ref idref="fl-15f"/>
      </object_component>
      <object_component id="oc-b0">
         <name>.debug_info</name>
         <load_address>0x0</load_address>
         <run_address>0x0</run_address>
         <size>0x8b</size>
         <input_file_ref idref="fl-2"/>
      </object_component>
      <object_component id="oc-7c">
         <name>.debug_info</name>
         <load_address>0x8b</load_address>
         <run_address>0x8b</run_address>
         <size>0x18b</size>
         <input_file_ref idref="fl-2"/>
      </object_component>
      <object_component id="oc-77">
         <name>.debug_info</name>
         <load_address>0x216</load_address>
         <run_address>0x216</run_address>
         <size>0x84</size>
         <input_file_ref idref="fl-3"/>
      </object_component>
      <object_component id="oc-9e">
         <name>.debug_info</name>
         <load_address>0x29a</load_address>
         <run_address>0x29a</run_address>
         <size>0x17d</size>
         <input_file_ref idref="fl-6"/>
      </object_component>
      <object_component id="oc-32">
         <name>.debug_info</name>
         <load_address>0x417</load_address>
         <run_address>0x417</run_address>
         <size>0xfc</size>
         <input_file_ref idref="fl-7"/>
      </object_component>
      <object_component id="oc-10">
         <name>.debug_info</name>
         <load_address>0x513</load_address>
         <run_address>0x513</run_address>
         <size>0xe1</size>
         <input_file_ref idref="fl-7"/>
      </object_component>
      <object_component id="oc-2b">
         <name>.debug_info</name>
         <load_address>0x5f4</load_address>
         <run_address>0x5f4</run_address>
         <size>0x25d</size>
         <input_file_ref idref="fl-7"/>
      </object_component>
      <object_component id="oc-f7">
         <name>.debug_info</name>
         <load_address>0x851</load_address>
         <run_address>0x851</run_address>
         <size>0x32e</size>
         <input_file_ref idref="fl-c"/>
      </object_component>
      <object_component id="oc-114">
         <name>.debug_info</name>
         <load_address>0xb7f</load_address>
         <run_address>0xb7f</run_address>
         <size>0x1a7</size>
         <input_file_ref idref="fl-15"/>
      </object_component>
      <object_component id="oc-108">
         <name>.debug_info</name>
         <load_address>0xd26</load_address>
         <run_address>0xd26</run_address>
         <size>0xf2</size>
         <input_file_ref idref="fl-15"/>
      </object_component>
      <object_component id="oc-10b">
         <name>.debug_info</name>
         <load_address>0xe18</load_address>
         <run_address>0xe18</run_address>
         <size>0x140</size>
         <input_file_ref idref="fl-15"/>
      </object_component>
      <object_component id="oc-10e">
         <name>.debug_info</name>
         <load_address>0xf58</load_address>
         <run_address>0xf58</run_address>
         <size>0xf4</size>
         <input_file_ref idref="fl-15"/>
      </object_component>
      <object_component id="oc-111">
         <name>.debug_info</name>
         <load_address>0x104c</load_address>
         <run_address>0x104c</run_address>
         <size>0xe6</size>
         <input_file_ref idref="fl-15"/>
      </object_component>
      <object_component id="oc-ca">
         <name>.debug_info</name>
         <load_address>0x1132</load_address>
         <run_address>0x1132</run_address>
         <size>0x2e82</size>
         <input_file_ref idref="fl-15"/>
      </object_component>
      <object_component id="oc-124">
         <name>.debug_info</name>
         <load_address>0x3fb4</load_address>
         <run_address>0x3fb4</run_address>
         <size>0x18f</size>
         <input_file_ref idref="fl-18"/>
      </object_component>
      <object_component id="oc-11e">
         <name>.debug_info</name>
         <load_address>0x4143</load_address>
         <run_address>0x4143</run_address>
         <size>0x19b</size>
         <input_file_ref idref="fl-18"/>
      </object_component>
      <object_component id="oc-121">
         <name>.debug_info</name>
         <load_address>0x42de</load_address>
         <run_address>0x42de</run_address>
         <size>0xd9</size>
         <input_file_ref idref="fl-18"/>
      </object_component>
      <object_component id="oc-11b">
         <name>.debug_info</name>
         <load_address>0x43b7</load_address>
         <run_address>0x43b7</run_address>
         <size>0xe2</size>
         <input_file_ref idref="fl-18"/>
      </object_component>
      <object_component id="oc-f1">
         <name>.debug_info</name>
         <load_address>0x4499</load_address>
         <run_address>0x4499</run_address>
         <size>0xce2</size>
         <input_file_ref idref="fl-18"/>
      </object_component>
      <object_component id="oc-106">
         <name>.debug_info</name>
         <load_address>0x517b</load_address>
         <run_address>0x517b</run_address>
         <size>0x200</size>
         <input_file_ref idref="fl-21"/>
      </object_component>
      <object_component id="oc-fd">
         <name>.debug_info</name>
         <load_address>0x537b</load_address>
         <run_address>0x537b</run_address>
         <size>0xd8</size>
         <input_file_ref idref="fl-21"/>
      </object_component>
      <object_component id="oc-100">
         <name>.debug_info</name>
         <load_address>0x5453</load_address>
         <run_address>0x5453</run_address>
         <size>0xe4</size>
         <input_file_ref idref="fl-21"/>
      </object_component>
      <object_component id="oc-ee">
         <name>.debug_info</name>
         <load_address>0x5537</load_address>
         <run_address>0x5537</run_address>
         <size>0xde</size>
         <input_file_ref idref="fl-21"/>
      </object_component>
      <object_component id="oc-103">
         <name>.debug_info</name>
         <load_address>0x5615</load_address>
         <run_address>0x5615</run_address>
         <size>0xeb</size>
         <input_file_ref idref="fl-21"/>
      </object_component>
      <object_component id="oc-c4">
         <name>.debug_info</name>
         <load_address>0x5700</load_address>
         <run_address>0x5700</run_address>
         <size>0x28f8</size>
         <input_file_ref idref="fl-21"/>
      </object_component>
      <object_component id="oc-12e">
         <name>.debug_info</name>
         <load_address>0x7ff8</load_address>
         <run_address>0x7ff8</run_address>
         <size>0x5f</size>
         <input_file_ref idref="fl-21"/>
      </object_component>
      <object_component id="oc-27">
         <name>.debug_info</name>
         <load_address>0x8057</load_address>
         <run_address>0x8057</run_address>
         <size>0x134</size>
         <input_file_ref idref="fl-153"/>
      </object_component>
      <object_component id="oc-3e">
         <name>.debug_info</name>
         <load_address>0x818b</load_address>
         <run_address>0x818b</run_address>
         <size>0x121</size>
         <input_file_ref idref="fl-154"/>
      </object_component>
      <object_component id="oc-14">
         <name>.debug_info</name>
         <load_address>0x82ac</load_address>
         <run_address>0x82ac</run_address>
         <size>0x1c0</size>
         <input_file_ref idref="fl-154"/>
      </object_component>
      <object_component id="oc-39">
         <name>.debug_info</name>
         <load_address>0x846c</load_address>
         <run_address>0x846c</run_address>
         <size>0x46</size>
         <input_file_ref idref="fl-154"/>
      </object_component>
      <object_component id="oc-82">
         <name>.debug_info</name>
         <load_address>0x84b2</load_address>
         <run_address>0x84b2</run_address>
         <size>0x2c</size>
         <input_file_ref idref="fl-154"/>
      </object_component>
      <object_component id="oc-46">
         <name>.debug_info</name>
         <load_address>0x84de</load_address>
         <run_address>0x84de</run_address>
         <size>0x115</size>
         <input_file_ref idref="fl-155"/>
      </object_component>
      <object_component id="oc-41">
         <name>.debug_info</name>
         <load_address>0x85f3</load_address>
         <run_address>0x85f3</run_address>
         <size>0x228</size>
         <input_file_ref idref="fl-155"/>
      </object_component>
      <object_component id="oc-19">
         <name>.debug_info</name>
         <load_address>0x881b</load_address>
         <run_address>0x881b</run_address>
         <size>0x192</size>
         <input_file_ref idref="fl-155"/>
      </object_component>
      <object_component id="oc-47">
         <name>.debug_info</name>
         <load_address>0x89ad</load_address>
         <run_address>0x89ad</run_address>
         <size>0x39</size>
         <input_file_ref idref="fl-155"/>
      </object_component>
      <object_component id="oc-8c">
         <name>.debug_info</name>
         <load_address>0x89e6</load_address>
         <run_address>0x89e6</run_address>
         <size>0x2c</size>
         <input_file_ref idref="fl-155"/>
      </object_component>
      <object_component id="oc-57">
         <name>.debug_info</name>
         <load_address>0x8a12</load_address>
         <run_address>0x8a12</run_address>
         <size>0x110</size>
         <input_file_ref idref="fl-156"/>
      </object_component>
      <object_component id="oc-20">
         <name>.debug_info</name>
         <load_address>0x8b22</load_address>
         <run_address>0x8b22</run_address>
         <size>0x18b</size>
         <input_file_ref idref="fl-156"/>
      </object_component>
      <object_component id="oc-52">
         <name>.debug_info</name>
         <load_address>0x8cad</load_address>
         <run_address>0x8cad</run_address>
         <size>0x46</size>
         <input_file_ref idref="fl-156"/>
      </object_component>
      <object_component id="oc-ac">
         <name>.debug_info</name>
         <load_address>0x8cf3</load_address>
         <run_address>0x8cf3</run_address>
         <size>0x172</size>
         <input_file_ref idref="fl-157"/>
      </object_component>
      <object_component id="oc-a9">
         <name>.debug_info</name>
         <load_address>0x8e65</load_address>
         <run_address>0x8e65</run_address>
         <size>0x117</size>
         <input_file_ref idref="fl-157"/>
      </object_component>
      <object_component id="oc-6b">
         <name>.debug_info</name>
         <load_address>0x8f7c</load_address>
         <run_address>0x8f7c</run_address>
         <size>0x1ee</size>
         <input_file_ref idref="fl-157"/>
      </object_component>
      <object_component id="oc-36">
         <name>.debug_info</name>
         <load_address>0x916a</load_address>
         <run_address>0x916a</run_address>
         <size>0xf6</size>
         <input_file_ref idref="fl-158"/>
      </object_component>
      <object_component id="oc-4f">
         <name>.debug_info</name>
         <load_address>0x9260</load_address>
         <run_address>0x9260</run_address>
         <size>0x124</size>
         <input_file_ref idref="fl-159"/>
      </object_component>
      <object_component id="oc-59">
         <name>.debug_info</name>
         <load_address>0x9384</load_address>
         <run_address>0x9384</run_address>
         <size>0x129</size>
         <input_file_ref idref="fl-15a"/>
      </object_component>
      <object_component id="oc-71">
         <name>.debug_info</name>
         <load_address>0x94ad</load_address>
         <run_address>0x94ad</run_address>
         <size>0xea</size>
         <input_file_ref idref="fl-15b"/>
      </object_component>
      <object_component id="oc-e0">
         <name>.debug_info</name>
         <load_address>0x9597</load_address>
         <run_address>0x9597</run_address>
         <size>0x105</size>
         <input_file_ref idref="fl-15f"/>
      </object_component>
      <object_component id="oc-a6">
         <name>.debug_info</name>
         <load_address>0x969c</load_address>
         <run_address>0x969c</run_address>
         <size>0xf4</size>
         <input_file_ref idref="fl-15f"/>
      </object_component>
      <object_component id="oc-dc">
         <name>.debug_info</name>
         <load_address>0x9790</load_address>
         <run_address>0x9790</run_address>
         <size>0x200</size>
         <input_file_ref idref="fl-15f"/>
      </object_component>
      <object_component id="oc-a4">
         <name>.debug_info</name>
         <load_address>0x9990</load_address>
         <run_address>0x9990</run_address>
         <size>0x147</size>
         <input_file_ref idref="fl-160"/>
      </object_component>
      <object_component id="oc-67">
         <name>.debug_info</name>
         <load_address>0x9ad7</load_address>
         <run_address>0x9ad7</run_address>
         <size>0x148</size>
         <input_file_ref idref="fl-160"/>
      </object_component>
      <object_component id="oc-d3">
         <name>.debug_info</name>
         <load_address>0x9c1f</load_address>
         <run_address>0x9c1f</run_address>
         <size>0x5e</size>
         <input_file_ref idref="fl-160"/>
      </object_component>
      <object_component id="oc-9c">
         <name>.debug_info</name>
         <load_address>0x9c7d</load_address>
         <run_address>0x9c7d</run_address>
         <size>0x29e</size>
         <input_file_ref idref="fl-161"/>
      </object_component>
      <object_component id="oc-61">
         <name>.debug_info</name>
         <load_address>0x9f1b</load_address>
         <run_address>0x9f1b</run_address>
         <size>0x158</size>
         <input_file_ref idref="fl-161"/>
      </object_component>
      <object_component id="oc-b9">
         <name>.debug_info</name>
         <load_address>0xa073</load_address>
         <run_address>0xa073</run_address>
         <size>0x39</size>
         <input_file_ref idref="fl-161"/>
      </object_component>
      <object_component id="oc-be">
         <name>.debug_info</name>
         <load_address>0xa0ac</load_address>
         <run_address>0xa0ac</run_address>
         <size>0xcd</size>
         <input_file_ref idref="fl-161"/>
      </object_component>
      <object_component id="oc-b6">
         <name>.debug_info</name>
         <load_address>0xa179</load_address>
         <run_address>0xa179</run_address>
         <size>0x1c1</size>
         <input_file_ref idref="fl-162"/>
      </object_component>
      <object_component id="oc-97">
         <name>.debug_info</name>
         <load_address>0xa33a</load_address>
         <run_address>0xa33a</run_address>
         <size>0x164</size>
         <input_file_ref idref="fl-162"/>
      </object_component>
      <object_component id="oc-e8">
         <name>.debug_info</name>
         <load_address>0xa49e</load_address>
         <run_address>0xa49e</run_address>
         <size>0x2c</size>
         <input_file_ref idref="fl-162"/>
      </object_component>
      <object_component id="oc-16b">
         <name>.debug_info</name>
         <load_address>0xa4ca</load_address>
         <run_address>0xa4ca</run_address>
         <size>0x9b</size>
      </object_component>
      <object_component id="oc-b3">
         <name>.debug_line</name>
         <load_address>0x0</load_address>
         <run_address>0x0</run_address>
         <size>0x20</size>
         <input_file_ref idref="fl-2"/>
      </object_component>
      <object_component id="oc-7f">
         <name>.debug_line</name>
         <load_address>0x20</load_address>
         <run_address>0x20</run_address>
         <size>0x60</size>
         <input_file_ref idref="fl-2"/>
      </object_component>
      <object_component id="oc-7a">
         <name>.debug_line</name>
         <load_address>0x80</load_address>
         <run_address>0x80</run_address>
         <size>0x20</size>
         <input_file_ref idref="fl-3"/>
      </object_component>
      <object_component id="oc-a1">
         <name>.debug_line</name>
         <load_address>0xa0</load_address>
         <run_address>0xa0</run_address>
         <size>0x50</size>
         <input_file_ref idref="fl-6"/>
      </object_component>
      <object_component id="oc-76">
         <name>.debug_line</name>
         <load_address>0xf0</load_address>
         <run_address>0xf0</run_address>
         <size>0x41</size>
         <input_file_ref idref="fl-7"/>
      </object_component>
      <object_component id="oc-31">
         <name>.debug_line</name>
         <load_address>0x131</load_address>
         <run_address>0x131</run_address>
         <size>0x41</size>
         <input_file_ref idref="fl-7"/>
      </object_component>
      <object_component id="oc-2e">
         <name>.debug_line</name>
         <load_address>0x172</load_address>
         <run_address>0x172</run_address>
         <size>0xa1</size>
         <input_file_ref idref="fl-7"/>
      </object_component>
      <object_component id="oc-fa">
         <name>.debug_line</name>
         <load_address>0x213</load_address>
         <run_address>0x213</run_address>
         <size>0xd9</size>
         <input_file_ref idref="fl-c"/>
      </object_component>
      <object_component id="oc-13c">
         <name>.debug_line</name>
         <load_address>0x2ec</load_address>
         <run_address>0x2ec</run_address>
         <size>0x6d</size>
         <input_file_ref idref="fl-15"/>
      </object_component>
      <object_component id="oc-134">
         <name>.debug_line</name>
         <load_address>0x359</load_address>
         <run_address>0x359</run_address>
         <size>0x37</size>
         <input_file_ref idref="fl-15"/>
      </object_component>
      <object_component id="oc-136">
         <name>.debug_line</name>
         <load_address>0x390</load_address>
         <run_address>0x390</run_address>
         <size>0x37</size>
         <input_file_ref idref="fl-15"/>
      </object_component>
      <object_component id="oc-138">
         <name>.debug_line</name>
         <load_address>0x3c7</load_address>
         <run_address>0x3c7</run_address>
         <size>0x37</size>
         <input_file_ref idref="fl-15"/>
      </object_component>
      <object_component id="oc-13a">
         <name>.debug_line</name>
         <load_address>0x3fe</load_address>
         <run_address>0x3fe</run_address>
         <size>0x37</size>
         <input_file_ref idref="fl-15"/>
      </object_component>
      <object_component id="oc-cd">
         <name>.debug_line</name>
         <load_address>0x435</load_address>
         <run_address>0x435</run_address>
         <size>0x5f8</size>
         <input_file_ref idref="fl-15"/>
      </object_component>
      <object_component id="oc-144">
         <name>.debug_line</name>
         <load_address>0xa2d</load_address>
         <run_address>0xa2d</run_address>
         <size>0x67</size>
         <input_file_ref idref="fl-18"/>
      </object_component>
      <object_component id="oc-140">
         <name>.debug_line</name>
         <load_address>0xa94</load_address>
         <run_address>0xa94</run_address>
         <size>0x3c</size>
         <input_file_ref idref="fl-18"/>
      </object_component>
      <object_component id="oc-142">
         <name>.debug_line</name>
         <load_address>0xad0</load_address>
         <run_address>0xad0</run_address>
         <size>0x3c</size>
         <input_file_ref idref="fl-18"/>
      </object_component>
      <object_component id="oc-13e">
         <name>.debug_line</name>
         <load_address>0xb0c</load_address>
         <run_address>0xb0c</run_address>
         <size>0x3c</size>
         <input_file_ref idref="fl-18"/>
      </object_component>
      <object_component id="oc-f4">
         <name>.debug_line</name>
         <load_address>0xb48</load_address>
         <run_address>0xb48</run_address>
         <size>0x2ed</size>
         <input_file_ref idref="fl-18"/>
      </object_component>
      <object_component id="oc-12d">
         <name>.debug_line</name>
         <load_address>0xe35</load_address>
         <run_address>0xe35</run_address>
         <size>0xfe</size>
         <input_file_ref idref="fl-21"/>
      </object_component>
      <object_component id="oc-127">
         <name>.debug_line</name>
         <load_address>0xf33</load_address>
         <run_address>0xf33</run_address>
         <size>0x39</size>
         <input_file_ref idref="fl-21"/>
      </object_component>
      <object_component id="oc-129">
         <name>.debug_line</name>
         <load_address>0xf6c</load_address>
         <run_address>0xf6c</run_address>
         <size>0x39</size>
         <input_file_ref idref="fl-21"/>
      </object_component>
      <object_component id="oc-119">
         <name>.debug_line</name>
         <load_address>0xfa5</load_address>
         <run_address>0xfa5</run_address>
         <size>0x39</size>
         <input_file_ref idref="fl-21"/>
      </object_component>
      <object_component id="oc-12b">
         <name>.debug_line</name>
         <load_address>0xfde</load_address>
         <run_address>0xfde</run_address>
         <size>0x39</size>
         <input_file_ref idref="fl-21"/>
      </object_component>
      <object_component id="oc-c7">
         <name>.debug_line</name>
         <load_address>0x1017</load_address>
         <run_address>0x1017</run_address>
         <size>0x962</size>
         <input_file_ref idref="fl-21"/>
      </object_component>
      <object_component id="oc-131">
         <name>.debug_line</name>
         <load_address>0x1979</load_address>
         <run_address>0x1979</run_address>
         <size>0x39</size>
         <input_file_ref idref="fl-21"/>
      </object_component>
      <object_component id="oc-25">
         <name>.debug_line</name>
         <load_address>0x19b2</load_address>
         <run_address>0x19b2</run_address>
         <size>0x52</size>
         <input_file_ref idref="fl-153"/>
      </object_component>
      <object_component id="oc-88">
         <name>.debug_line</name>
         <load_address>0x1a04</load_address>
         <run_address>0x1a04</run_address>
         <size>0x80</size>
         <input_file_ref idref="fl-154"/>
      </object_component>
      <object_component id="oc-13">
         <name>.debug_line</name>
         <load_address>0x1a84</load_address>
         <run_address>0x1a84</run_address>
         <size>0x55</size>
         <input_file_ref idref="fl-154"/>
      </object_component>
      <object_component id="oc-3c">
         <name>.debug_line</name>
         <load_address>0x1ad9</load_address>
         <run_address>0x1ad9</run_address>
         <size>0x3a</size>
         <input_file_ref idref="fl-154"/>
      </object_component>
      <object_component id="oc-85">
         <name>.debug_line</name>
         <load_address>0x1b13</load_address>
         <run_address>0x1b13</run_address>
         <size>0x80</size>
         <input_file_ref idref="fl-154"/>
      </object_component>
      <object_component id="oc-8b">
         <name>.debug_line</name>
         <load_address>0x1b93</load_address>
         <run_address>0x1b93</run_address>
         <size>0x80</size>
         <input_file_ref idref="fl-155"/>
      </object_component>
      <object_component id="oc-40">
         <name>.debug_line</name>
         <load_address>0x1c13</load_address>
         <run_address>0x1c13</run_address>
         <size>0x98</size>
         <input_file_ref idref="fl-155"/>
      </object_component>
      <object_component id="oc-1c">
         <name>.debug_line</name>
         <load_address>0x1cab</load_address>
         <run_address>0x1cab</run_address>
         <size>0x4b</size>
         <input_file_ref idref="fl-155"/>
      </object_component>
      <object_component id="oc-4a">
         <name>.debug_line</name>
         <load_address>0x1cf6</load_address>
         <run_address>0x1cf6</run_address>
         <size>0x39</size>
         <input_file_ref idref="fl-155"/>
      </object_component>
      <object_component id="oc-8f">
         <name>.debug_line</name>
         <load_address>0x1d2f</load_address>
         <run_address>0x1d2f</run_address>
         <size>0x80</size>
         <input_file_ref idref="fl-155"/>
      </object_component>
      <object_component id="oc-93">
         <name>.debug_line</name>
         <load_address>0x1daf</load_address>
         <run_address>0x1daf</run_address>
         <size>0x80</size>
         <input_file_ref idref="fl-156"/>
      </object_component>
      <object_component id="oc-22">
         <name>.debug_line</name>
         <load_address>0x1e2f</load_address>
         <run_address>0x1e2f</run_address>
         <size>0x4f</size>
         <input_file_ref idref="fl-156"/>
      </object_component>
      <object_component id="oc-55">
         <name>.debug_line</name>
         <load_address>0x1e7e</load_address>
         <run_address>0x1e7e</run_address>
         <size>0x34</size>
         <input_file_ref idref="fl-156"/>
      </object_component>
      <object_component id="oc-e5">
         <name>.debug_line</name>
         <load_address>0x1eb2</load_address>
         <run_address>0x1eb2</run_address>
         <size>0x7f</size>
         <input_file_ref idref="fl-157"/>
      </object_component>
      <object_component id="oc-e3">
         <name>.debug_line</name>
         <load_address>0x1f31</load_address>
         <run_address>0x1f31</run_address>
         <size>0x2a</size>
         <input_file_ref idref="fl-157"/>
      </object_component>
      <object_component id="oc-6f">
         <name>.debug_line</name>
         <load_address>0x1f5b</load_address>
         <run_address>0x1f5b</run_address>
         <size>0x7a</size>
         <input_file_ref idref="fl-157"/>
      </object_component>
      <object_component id="oc-35">
         <name>.debug_line</name>
         <load_address>0x1fd5</load_address>
         <run_address>0x1fd5</run_address>
         <size>0x88</size>
         <input_file_ref idref="fl-158"/>
      </object_component>
      <object_component id="oc-4e">
         <name>.debug_line</name>
         <load_address>0x205d</load_address>
         <run_address>0x205d</run_address>
         <size>0x79</size>
         <input_file_ref idref="fl-159"/>
      </object_component>
      <object_component id="oc-5d">
         <name>.debug_line</name>
         <load_address>0x20d6</load_address>
         <run_address>0x20d6</run_address>
         <size>0x40</size>
         <input_file_ref idref="fl-15a"/>
      </object_component>
      <object_component id="oc-af">
         <name>.debug_line</name>
         <load_address>0x2116</load_address>
         <run_address>0x2116</run_address>
         <size>0x33</size>
         <input_file_ref idref="fl-15b"/>
      </object_component>
      <object_component id="oc-117">
         <name>.debug_line</name>
         <load_address>0x2149</load_address>
         <run_address>0x2149</run_address>
         <size>0x20</size>
         <input_file_ref idref="fl-15f"/>
      </object_component>
      <object_component id="oc-df">
         <name>.debug_line</name>
         <load_address>0x2169</load_address>
         <run_address>0x2169</run_address>
         <size>0x2b</size>
         <input_file_ref idref="fl-15f"/>
      </object_component>
      <object_component id="oc-d9">
         <name>.debug_line</name>
         <load_address>0x2194</load_address>
         <run_address>0x2194</run_address>
         <size>0x68</size>
         <input_file_ref idref="fl-15f"/>
      </object_component>
      <object_component id="oc-d2">
         <name>.debug_line</name>
         <load_address>0x21fc</load_address>
         <run_address>0x21fc</run_address>
         <size>0x2b</size>
         <input_file_ref idref="fl-160"/>
      </object_component>
      <object_component id="oc-66">
         <name>.debug_line</name>
         <load_address>0x2227</load_address>
         <run_address>0x2227</run_address>
         <size>0x50</size>
         <input_file_ref idref="fl-160"/>
      </object_component>
      <object_component id="oc-d6">
         <name>.debug_line</name>
         <load_address>0x2277</load_address>
         <run_address>0x2277</run_address>
         <size>0x2b</size>
         <input_file_ref idref="fl-160"/>
      </object_component>
      <object_component id="oc-b8">
         <name>.debug_line</name>
         <load_address>0x22a2</load_address>
         <run_address>0x22a2</run_address>
         <size>0x8f</size>
         <input_file_ref idref="fl-161"/>
      </object_component>
      <object_component id="oc-63">
         <name>.debug_line</name>
         <load_address>0x2331</load_address>
         <run_address>0x2331</run_address>
         <size>0x79</size>
         <input_file_ref idref="fl-161"/>
      </object_component>
      <object_component id="oc-bc">
         <name>.debug_line</name>
         <load_address>0x23aa</load_address>
         <run_address>0x23aa</run_address>
         <size>0x2e</size>
         <input_file_ref idref="fl-161"/>
      </object_component>
      <object_component id="oc-c1">
         <name>.debug_line</name>
         <load_address>0x23d8</load_address>
         <run_address>0x23d8</run_address>
         <size>0x81</size>
         <input_file_ref idref="fl-161"/>
      </object_component>
      <object_component id="oc-e7">
         <name>.debug_line</name>
         <load_address>0x2459</load_address>
         <run_address>0x2459</run_address>
         <size>0x8e</size>
         <input_file_ref idref="fl-162"/>
      </object_component>
      <object_component id="oc-9a">
         <name>.debug_line</name>
         <load_address>0x24e7</load_address>
         <run_address>0x24e7</run_address>
         <size>0x68</size>
         <input_file_ref idref="fl-162"/>
      </object_component>
      <object_component id="oc-eb">
         <name>.debug_line</name>
         <load_address>0x254f</load_address>
         <run_address>0x254f</run_address>
         <size>0x2e</size>
         <input_file_ref idref="fl-162"/>
      </object_component>
      <object_component id="oc-b2">
         <name>.debug_abbrev</name>
         <load_address>0x0</load_address>
         <run_address>0x0</run_address>
         <size>0x1f</size>
         <input_file_ref idref="fl-2"/>
      </object_component>
      <object_component id="oc-7e">
         <name>.debug_abbrev</name>
         <load_address>0x1f</load_address>
         <run_address>0x1f</run_address>
         <size>0x35</size>
         <input_file_ref idref="fl-2"/>
      </object_component>
      <object_component id="oc-79">
         <name>.debug_abbrev</name>
         <load_address>0x54</load_address>
         <run_address>0x54</run_address>
         <size>0x1f</size>
         <input_file_ref idref="fl-3"/>
      </object_component>
      <object_component id="oc-d0">
         <name>.debug_abbrev</name>
         <load_address>0x73</load_address>
         <run_address>0x73</run_address>
         <size>0x54</size>
         <input_file_ref idref="fl-6"/>
      </object_component>
      <object_component id="oc-75">
         <name>.debug_abbrev</name>
         <load_address>0xc7</load_address>
         <run_address>0xc7</run_address>
         <size>0x5d</size>
         <input_file_ref idref="fl-7"/>
      </object_component>
      <object_component id="oc-30">
         <name>.debug_abbrev</name>
         <load_address>0x124</load_address>
         <run_address>0x124</run_address>
         <size>0x29</size>
         <input_file_ref idref="fl-7"/>
      </object_component>
      <object_component id="oc-74">
         <name>.debug_abbrev</name>
         <load_address>0x14d</load_address>
         <run_address>0x14d</run_address>
         <size>0x79</size>
         <input_file_ref idref="fl-7"/>
      </object_component>
      <object_component id="oc-125">
         <name>.debug_abbrev</name>
         <load_address>0x1c6</load_address>
         <run_address>0x1c6</run_address>
         <size>0xca</size>
         <input_file_ref idref="fl-c"/>
      </object_component>
      <object_component id="oc-13b">
         <name>.debug_abbrev</name>
         <load_address>0x290</load_address>
         <run_address>0x290</run_address>
         <size>0x6b</size>
         <input_file_ref idref="fl-15"/>
      </object_component>
      <object_component id="oc-133">
         <name>.debug_abbrev</name>
         <load_address>0x2fb</load_address>
         <run_address>0x2fb</run_address>
         <size>0x27</size>
         <input_file_ref idref="fl-15"/>
      </object_component>
      <object_component id="oc-135">
         <name>.debug_abbrev</name>
         <load_address>0x322</load_address>
         <run_address>0x322</run_address>
         <size>0x27</size>
         <input_file_ref idref="fl-15"/>
      </object_component>
      <object_component id="oc-137">
         <name>.debug_abbrev</name>
         <load_address>0x349</load_address>
         <run_address>0x349</run_address>
         <size>0x27</size>
         <input_file_ref idref="fl-15"/>
      </object_component>
      <object_component id="oc-139">
         <name>.debug_abbrev</name>
         <load_address>0x370</load_address>
         <run_address>0x370</run_address>
         <size>0x27</size>
         <input_file_ref idref="fl-15"/>
      </object_component>
      <object_component id="oc-113">
         <name>.debug_abbrev</name>
         <load_address>0x397</load_address>
         <run_address>0x397</run_address>
         <size>0xd6</size>
         <input_file_ref idref="fl-15"/>
      </object_component>
      <object_component id="oc-143">
         <name>.debug_abbrev</name>
         <load_address>0x46d</load_address>
         <run_address>0x46d</run_address>
         <size>0x87</size>
         <input_file_ref idref="fl-18"/>
      </object_component>
      <object_component id="oc-13f">
         <name>.debug_abbrev</name>
         <load_address>0x4f4</load_address>
         <run_address>0x4f4</run_address>
         <size>0x27</size>
         <input_file_ref idref="fl-18"/>
      </object_component>
      <object_component id="oc-141">
         <name>.debug_abbrev</name>
         <load_address>0x51b</load_address>
         <run_address>0x51b</run_address>
         <size>0x27</size>
         <input_file_ref idref="fl-18"/>
      </object_component>
      <object_component id="oc-13d">
         <name>.debug_abbrev</name>
         <load_address>0x542</load_address>
         <run_address>0x542</run_address>
         <size>0x29</size>
         <input_file_ref idref="fl-18"/>
      </object_component>
      <object_component id="oc-123">
         <name>.debug_abbrev</name>
         <load_address>0x56b</load_address>
         <run_address>0x56b</run_address>
         <size>0x101</size>
         <input_file_ref idref="fl-18"/>
      </object_component>
      <object_component id="oc-12c">
         <name>.debug_abbrev</name>
         <load_address>0x66c</load_address>
         <run_address>0x66c</run_address>
         <size>0xa9</size>
         <input_file_ref idref="fl-21"/>
      </object_component>
      <object_component id="oc-126">
         <name>.debug_abbrev</name>
         <load_address>0x715</load_address>
         <run_address>0x715</run_address>
         <size>0x27</size>
         <input_file_ref idref="fl-21"/>
      </object_component>
      <object_component id="oc-128">
         <name>.debug_abbrev</name>
         <load_address>0x73c</load_address>
         <run_address>0x73c</run_address>
         <size>0x27</size>
         <input_file_ref idref="fl-21"/>
      </object_component>
      <object_component id="oc-118">
         <name>.debug_abbrev</name>
         <load_address>0x763</load_address>
         <run_address>0x763</run_address>
         <size>0x27</size>
         <input_file_ref idref="fl-21"/>
      </object_component>
      <object_component id="oc-12a">
         <name>.debug_abbrev</name>
         <load_address>0x78a</load_address>
         <run_address>0x78a</run_address>
         <size>0x27</size>
         <input_file_ref idref="fl-21"/>
      </object_component>
      <object_component id="oc-105">
         <name>.debug_abbrev</name>
         <load_address>0x7b1</load_address>
         <run_address>0x7b1</run_address>
         <size>0x12e</size>
         <input_file_ref idref="fl-21"/>
      </object_component>
      <object_component id="oc-130">
         <name>.debug_abbrev</name>
         <load_address>0x8df</load_address>
         <run_address>0x8df</run_address>
         <size>0x49</size>
         <input_file_ref idref="fl-21"/>
      </object_component>
      <object_component id="oc-73">
         <name>.debug_abbrev</name>
         <load_address>0x928</load_address>
         <run_address>0x928</run_address>
         <size>0x3e</size>
         <input_file_ref idref="fl-153"/>
      </object_component>
      <object_component id="oc-87">
         <name>.debug_abbrev</name>
         <load_address>0x966</load_address>
         <run_address>0x966</run_address>
         <size>0x52</size>
         <input_file_ref idref="fl-154"/>
      </object_component>
      <object_component id="oc-38">
         <name>.debug_abbrev</name>
         <load_address>0x9b8</load_address>
         <run_address>0x9b8</run_address>
         <size>0x74</size>
         <input_file_ref idref="fl-154"/>
      </object_component>
      <object_component id="oc-3b">
         <name>.debug_abbrev</name>
         <load_address>0xa2c</load_address>
         <run_address>0xa2c</run_address>
         <size>0x24</size>
         <input_file_ref idref="fl-154"/>
      </object_component>
      <object_component id="oc-84">
         <name>.debug_abbrev</name>
         <load_address>0xa50</load_address>
         <run_address>0xa50</run_address>
         <size>0x24</size>
         <input_file_ref idref="fl-154"/>
      </object_component>
      <object_component id="oc-8a">
         <name>.debug_abbrev</name>
         <load_address>0xa74</load_address>
         <run_address>0xa74</run_address>
         <size>0x52</size>
         <input_file_ref idref="fl-155"/>
      </object_component>
      <object_component id="oc-89">
         <name>.debug_abbrev</name>
         <load_address>0xac6</load_address>
         <run_address>0xac6</run_address>
         <size>0x7b</size>
         <input_file_ref idref="fl-155"/>
      </object_component>
      <object_component id="oc-45">
         <name>.debug_abbrev</name>
         <load_address>0xb41</load_address>
         <run_address>0xb41</run_address>
         <size>0x66</size>
         <input_file_ref idref="fl-155"/>
      </object_component>
      <object_component id="oc-49">
         <name>.debug_abbrev</name>
         <load_address>0xba7</load_address>
         <run_address>0xba7</run_address>
         <size>0x24</size>
         <input_file_ref idref="fl-155"/>
      </object_component>
      <object_component id="oc-8e">
         <name>.debug_abbrev</name>
         <load_address>0xbcb</load_address>
         <run_address>0xbcb</run_address>
         <size>0x24</size>
         <input_file_ref idref="fl-155"/>
      </object_component>
      <object_component id="oc-92">
         <name>.debug_abbrev</name>
         <load_address>0xbef</load_address>
         <run_address>0xbef</run_address>
         <size>0x52</size>
         <input_file_ref idref="fl-156"/>
      </object_component>
      <object_component id="oc-51">
         <name>.debug_abbrev</name>
         <load_address>0xc41</load_address>
         <run_address>0xc41</run_address>
         <size>0x74</size>
         <input_file_ref idref="fl-156"/>
      </object_component>
      <object_component id="oc-54">
         <name>.debug_abbrev</name>
         <load_address>0xcb5</load_address>
         <run_address>0xcb5</run_address>
         <size>0x24</size>
         <input_file_ref idref="fl-156"/>
      </object_component>
      <object_component id="oc-e4">
         <name>.debug_abbrev</name>
         <load_address>0xcd9</load_address>
         <run_address>0xcd9</run_address>
         <size>0x6b</size>
         <input_file_ref idref="fl-157"/>
      </object_component>
      <object_component id="oc-e2">
         <name>.debug_abbrev</name>
         <load_address>0xd44</load_address>
         <run_address>0xd44</run_address>
         <size>0x29</size>
         <input_file_ref idref="fl-157"/>
      </object_component>
      <object_component id="oc-ab">
         <name>.debug_abbrev</name>
         <load_address>0xd6d</load_address>
         <run_address>0xd6d</run_address>
         <size>0xba</size>
         <input_file_ref idref="fl-157"/>
      </object_component>
      <object_component id="oc-81">
         <name>.debug_abbrev</name>
         <load_address>0xe27</load_address>
         <run_address>0xe27</run_address>
         <size>0x3e</size>
         <input_file_ref idref="fl-158"/>
      </object_component>
      <object_component id="oc-91">
         <name>.debug_abbrev</name>
         <load_address>0xe65</load_address>
         <run_address>0xe65</run_address>
         <size>0x4f</size>
         <input_file_ref idref="fl-159"/>
      </object_component>
      <object_component id="oc-94">
         <name>.debug_abbrev</name>
         <load_address>0xeb4</load_address>
         <run_address>0xeb4</run_address>
         <size>0x55</size>
         <input_file_ref idref="fl-15a"/>
      </object_component>
      <object_component id="oc-ae">
         <name>.debug_abbrev</name>
         <load_address>0xf09</load_address>
         <run_address>0xf09</run_address>
         <size>0x27</size>
         <input_file_ref idref="fl-15b"/>
      </object_component>
      <object_component id="oc-116">
         <name>.debug_abbrev</name>
         <load_address>0xf30</load_address>
         <run_address>0xf30</run_address>
         <size>0x45</size>
         <input_file_ref idref="fl-15f"/>
      </object_component>
      <object_component id="oc-de">
         <name>.debug_abbrev</name>
         <load_address>0xf75</load_address>
         <run_address>0xf75</run_address>
         <size>0x29</size>
         <input_file_ref idref="fl-15f"/>
      </object_component>
      <object_component id="oc-115">
         <name>.debug_abbrev</name>
         <load_address>0xf9e</load_address>
         <run_address>0xf9e</run_address>
         <size>0x6f</size>
         <input_file_ref idref="fl-15f"/>
      </object_component>
      <object_component id="oc-d1">
         <name>.debug_abbrev</name>
         <load_address>0x100d</load_address>
         <run_address>0x100d</run_address>
         <size>0x8e</size>
         <input_file_ref idref="fl-160"/>
      </object_component>
      <object_component id="oc-a3">
         <name>.debug_abbrev</name>
         <load_address>0x109b</load_address>
         <run_address>0x109b</run_address>
         <size>0x68</size>
         <input_file_ref idref="fl-160"/>
      </object_component>
      <object_component id="oc-d5">
         <name>.debug_abbrev</name>
         <load_address>0x1103</load_address>
         <run_address>0x1103</run_address>
         <size>0x49</size>
         <input_file_ref idref="fl-160"/>
      </object_component>
      <object_component id="oc-b7">
         <name>.debug_abbrev</name>
         <load_address>0x114c</load_address>
         <run_address>0x114c</run_address>
         <size>0x9a</size>
         <input_file_ref idref="fl-161"/>
      </object_component>
      <object_component id="oc-9b">
         <name>.debug_abbrev</name>
         <load_address>0x11e6</load_address>
         <run_address>0x11e6</run_address>
         <size>0x7e</size>
         <input_file_ref idref="fl-161"/>
      </object_component>
      <object_component id="oc-bb">
         <name>.debug_abbrev</name>
         <load_address>0x1264</load_address>
         <run_address>0x1264</run_address>
         <size>0x24</size>
         <input_file_ref idref="fl-161"/>
      </object_component>
      <object_component id="oc-c0">
         <name>.debug_abbrev</name>
         <load_address>0x1288</load_address>
         <run_address>0x1288</run_address>
         <size>0x4b</size>
         <input_file_ref idref="fl-161"/>
      </object_component>
      <object_component id="oc-e6">
         <name>.debug_abbrev</name>
         <load_address>0x12d3</load_address>
         <run_address>0x12d3</run_address>
         <size>0x9c</size>
         <input_file_ref idref="fl-162"/>
      </object_component>
      <object_component id="oc-b5">
         <name>.debug_abbrev</name>
         <load_address>0x136f</load_address>
         <run_address>0x136f</run_address>
         <size>0x8c</size>
         <input_file_ref idref="fl-162"/>
      </object_component>
      <object_component id="oc-ea">
         <name>.debug_abbrev</name>
         <load_address>0x13fb</load_address>
         <run_address>0x13fb</run_address>
         <size>0x24</size>
         <input_file_ref idref="fl-162"/>
      </object_component>
      <object_component id="oc-16c">
         <name>.debug_abbrev</name>
         <load_address>0x141f</load_address>
         <run_address>0x141f</run_address>
         <size>0xf</size>
      </object_component>
      <object_component id="oc-b4">
         <name>.debug_str</name>
         <load_address>0x0</load_address>
         <run_address>0x0</run_address>
         <size>0xf5</size>
         <input_file_ref idref="fl-2"/>
      </object_component>
      <object_component id="oc-80">
         <name>.debug_str</name>
         <load_address>0xf5</load_address>
         <run_address>0xf5</run_address>
         <size>0x209</size>
         <input_file_ref idref="fl-2"/>
      </object_component>
      <object_component id="oc-7b">
         <name>.debug_str</name>
         <load_address>0x2fe</load_address>
         <run_address>0x2fe</run_address>
         <size>0xf5</size>
         <input_file_ref idref="fl-3"/>
      </object_component>
      <object_component id="oc-132">
         <name>.debug_str</name>
         <load_address>0x3f3</load_address>
         <run_address>0x3f3</run_address>
         <size>0xcc</size>
         <input_file_ref idref="fl-21"/>
      </object_component>
      <object_component id="oc-3d">
         <name>.debug_str</name>
         <load_address>0x4bf</load_address>
         <run_address>0x4bf</run_address>
         <size>0xe1</size>
         <input_file_ref idref="fl-154"/>
      </object_component>
      <object_component id="oc-86">
         <name>.debug_str</name>
         <load_address>0x5a0</load_address>
         <run_address>0x5a0</run_address>
         <size>0x104</size>
         <input_file_ref idref="fl-154"/>
      </object_component>
      <object_component id="oc-4b">
         <name>.debug_str</name>
         <load_address>0x6a4</load_address>
         <run_address>0x6a4</run_address>
         <size>0xd3</size>
         <input_file_ref idref="fl-155"/>
      </object_component>
      <object_component id="oc-90">
         <name>.debug_str</name>
         <load_address>0x777</load_address>
         <run_address>0x777</run_address>
         <size>0x104</size>
         <input_file_ref idref="fl-155"/>
      </object_component>
      <object_component id="oc-56">
         <name>.debug_str</name>
         <load_address>0x87b</load_address>
         <run_address>0x87b</run_address>
         <size>0xdb</size>
         <input_file_ref idref="fl-156"/>
      </object_component>
      <object_component id="oc-d7">
         <name>.debug_str</name>
         <load_address>0x956</load_address>
         <run_address>0x956</run_address>
         <size>0xb7</size>
         <input_file_ref idref="fl-160"/>
      </object_component>
      <object_component id="oc-bd">
         <name>.debug_str</name>
         <load_address>0xa0d</load_address>
         <run_address>0xa0d</run_address>
         <size>0xc3</size>
         <input_file_ref idref="fl-161"/>
      </object_component>
      <object_component id="oc-c2">
         <name>.debug_str</name>
         <load_address>0xad0</load_address>
         <run_address>0xad0</run_address>
         <size>0x15b</size>
         <input_file_ref idref="fl-161"/>
      </object_component>
      <object_component id="oc-ec">
         <name>.debug_str</name>
         <load_address>0xc2b</load_address>
         <run_address>0xc2b</run_address>
         <size>0xb8</size>
         <input_file_ref idref="fl-162"/>
      </object_component>
      <object_component id="oc-b1">
         <name>.debug_pubtypes</name>
         <load_address>0x0</load_address>
         <run_address>0x0</run_address>
         <size>0xff</size>
         <input_file_ref idref="fl-2"/>
      </object_component>
      <object_component id="oc-7d">
         <name>.debug_pubtypes</name>
         <load_address>0xff</load_address>
         <run_address>0xff</run_address>
         <size>0x1c6</size>
         <input_file_ref idref="fl-2"/>
      </object_component>
      <object_component id="oc-78">
         <name>.debug_pubtypes</name>
         <load_address>0x2c5</load_address>
         <run_address>0x2c5</run_address>
         <size>0xed</size>
         <input_file_ref idref="fl-3"/>
      </object_component>
      <object_component id="oc-12f">
         <name>.debug_pubtypes</name>
         <load_address>0x3b2</load_address>
         <run_address>0x3b2</run_address>
         <size>0x28</size>
         <input_file_ref idref="fl-21"/>
      </object_component>
      <object_component id="oc-3a">
         <name>.debug_pubtypes</name>
         <load_address>0x3da</load_address>
         <run_address>0x3da</run_address>
         <size>0x48</size>
         <input_file_ref idref="fl-154"/>
      </object_component>
      <object_component id="oc-83">
         <name>.debug_pubtypes</name>
         <load_address>0x422</load_address>
         <run_address>0x422</run_address>
         <size>0x1d</size>
         <input_file_ref idref="fl-154"/>
      </object_component>
      <object_component id="oc-48">
         <name>.debug_pubtypes</name>
         <load_address>0x43f</load_address>
         <run_address>0x43f</run_address>
         <size>0x37</size>
         <input_file_ref idref="fl-155"/>
      </object_component>
      <object_component id="oc-8d">
         <name>.debug_pubtypes</name>
         <load_address>0x476</load_address>
         <run_address>0x476</run_address>
         <size>0x1d</size>
         <input_file_ref idref="fl-155"/>
      </object_component>
      <object_component id="oc-53">
         <name>.debug_pubtypes</name>
         <load_address>0x493</load_address>
         <run_address>0x493</run_address>
         <size>0x48</size>
         <input_file_ref idref="fl-156"/>
      </object_component>
      <object_component id="oc-ad">
         <name>.debug_pubtypes</name>
         <load_address>0x4db</load_address>
         <run_address>0x4db</run_address>
         <size>0x1f</size>
         <input_file_ref idref="fl-157"/>
      </object_component>
      <object_component id="oc-e1">
         <name>.debug_pubtypes</name>
         <load_address>0x4fa</load_address>
         <run_address>0x4fa</run_address>
         <size>0x1f</size>
         <input_file_ref idref="fl-15f"/>
      </object_component>
      <object_component id="oc-d4">
         <name>.debug_pubtypes</name>
         <load_address>0x519</load_address>
         <run_address>0x519</run_address>
         <size>0x1b</size>
         <input_file_ref idref="fl-160"/>
      </object_component>
      <object_component id="oc-ba">
         <name>.debug_pubtypes</name>
         <load_address>0x534</load_address>
         <run_address>0x534</run_address>
         <size>0x32</size>
         <input_file_ref idref="fl-161"/>
      </object_component>
      <object_component id="oc-bf">
         <name>.debug_pubtypes</name>
         <load_address>0x566</load_address>
         <run_address>0x566</run_address>
         <size>0x50</size>
         <input_file_ref idref="fl-161"/>
      </object_component>
      <object_component id="oc-e9">
         <name>.debug_pubtypes</name>
         <load_address>0x5b6</load_address>
         <run_address>0x5b6</run_address>
         <size>0x23</size>
         <input_file_ref idref="fl-162"/>
      </object_component>
      <object_component id="oc-a2">
         <name>.debug_frame</name>
         <load_address>0x0</load_address>
         <run_address>0x0</run_address>
         <size>0x86</size>
         <input_file_ref idref="fl-6"/>
      </object_component>
      <object_component id="oc-2f">
         <name>.debug_frame</name>
         <load_address>0x86</load_address>
         <run_address>0x86</run_address>
         <size>0xb2</size>
         <input_file_ref idref="fl-7"/>
      </object_component>
      <object_component id="oc-fb">
         <name>.debug_frame</name>
         <load_address>0x138</load_address>
         <run_address>0x138</run_address>
         <size>0xda</size>
         <input_file_ref idref="fl-c"/>
      </object_component>
      <object_component id="oc-ce">
         <name>.debug_frame</name>
         <load_address>0x212</load_address>
         <run_address>0x212</run_address>
         <size>0x547</size>
         <input_file_ref idref="fl-15"/>
      </object_component>
      <object_component id="oc-f5">
         <name>.debug_frame</name>
         <load_address>0x759</load_address>
         <run_address>0x759</run_address>
         <size>0x1f3</size>
         <input_file_ref idref="fl-18"/>
      </object_component>
      <object_component id="oc-c8">
         <name>.debug_frame</name>
         <load_address>0x94c</load_address>
         <run_address>0x94c</run_address>
         <size>0x576</size>
         <input_file_ref idref="fl-21"/>
      </object_component>
      <object_component id="oc-17">
         <name>.debug_frame</name>
         <load_address>0xec2</load_address>
         <run_address>0xec2</run_address>
         <size>0x7f</size>
         <input_file_ref idref="fl-154"/>
      </object_component>
      <object_component id="oc-44">
         <name>.debug_frame</name>
         <load_address>0xf41</load_address>
         <run_address>0xf41</run_address>
         <size>0x8e</size>
         <input_file_ref idref="fl-155"/>
      </object_component>
      <object_component id="oc-1d">
         <name>.debug_frame</name>
         <load_address>0xfcf</load_address>
         <run_address>0xfcf</run_address>
         <size>0x7f</size>
         <input_file_ref idref="fl-155"/>
      </object_component>
      <object_component id="oc-23">
         <name>.debug_frame</name>
         <load_address>0x104e</load_address>
         <run_address>0x104e</run_address>
         <size>0x7f</size>
         <input_file_ref idref="fl-156"/>
      </object_component>
      <object_component id="oc-6e">
         <name>.debug_frame</name>
         <load_address>0x10cd</load_address>
         <run_address>0x10cd</run_address>
         <size>0xb3</size>
         <input_file_ref idref="fl-157"/>
      </object_component>
      <object_component id="oc-5c">
         <name>.debug_frame</name>
         <load_address>0x1180</load_address>
         <run_address>0x1180</run_address>
         <size>0x7f</size>
         <input_file_ref idref="fl-15a"/>
      </object_component>
      <object_component id="oc-db">
         <name>.debug_frame</name>
         <load_address>0x11ff</load_address>
         <run_address>0x11ff</run_address>
         <size>0xa1</size>
         <input_file_ref idref="fl-15f"/>
      </object_component>
      <object_component id="oc-65">
         <name>.debug_frame</name>
         <load_address>0x12a0</load_address>
         <run_address>0x12a0</run_address>
         <size>0x7f</size>
         <input_file_ref idref="fl-160"/>
      </object_component>
      <object_component id="oc-60">
         <name>.debug_frame</name>
         <load_address>0x131f</load_address>
         <run_address>0x131f</run_address>
         <size>0x8a</size>
         <input_file_ref idref="fl-161"/>
      </object_component>
      <object_component id="oc-99">
         <name>.debug_frame</name>
         <load_address>0x13a9</load_address>
         <run_address>0x13a9</run_address>
         <size>0x8e</size>
         <input_file_ref idref="fl-162"/>
      </object_component>
      <object_component id="oc-9f">
         <name>.debug_aranges</name>
         <load_address>0x0</load_address>
         <run_address>0x0</run_address>
         <size>0x20</size>
         <input_file_ref idref="fl-6"/>
      </object_component>
      <object_component id="oc-2c">
         <name>.debug_aranges</name>
         <load_address>0x20</load_address>
         <run_address>0x20</run_address>
         <size>0x38</size>
         <input_file_ref idref="fl-7"/>
      </object_component>
      <object_component id="oc-f8">
         <name>.debug_aranges</name>
         <load_address>0x58</load_address>
         <run_address>0x58</run_address>
         <size>0x48</size>
         <input_file_ref idref="fl-c"/>
      </object_component>
      <object_component id="oc-cb">
         <name>.debug_aranges</name>
         <load_address>0xa0</load_address>
         <run_address>0xa0</run_address>
         <size>0x190</size>
         <input_file_ref idref="fl-15"/>
      </object_component>
      <object_component id="oc-f2">
         <name>.debug_aranges</name>
         <load_address>0x230</load_address>
         <run_address>0x230</run_address>
         <size>0xa0</size>
         <input_file_ref idref="fl-18"/>
      </object_component>
      <object_component id="oc-c5">
         <name>.debug_aranges</name>
         <load_address>0x2d0</load_address>
         <run_address>0x2d0</run_address>
         <size>0x1d8</size>
         <input_file_ref idref="fl-21"/>
      </object_component>
      <object_component id="oc-26">
         <name>.debug_aranges</name>
         <load_address>0x4a8</load_address>
         <run_address>0x4a8</run_address>
         <size>0x20</size>
[...]
         <name>GPIOIntStatus</name>
         <value>0x176d</value>
         <object_component_ref idref="oc-c9"/>
      </symbol>
      <symbol id="sm-151">
         <name>GPIOPinTypeDIVSCLK</name>
         <value>0x18a3</value>
         <object_component_ref idref="oc-c9"/>
      </symbol>
      <symbol id="sm-152">
         <name>GPIOPinTypeGPIOOutput</name>
         <value>0x1957</value>
         <object_component_ref idref="oc-c9"/>
      </symbol>
      <symbol id="sm-153">
         <name>GPIOIntTypeGet</name>
         <value>0x130b</value>
         <object_component_ref idref="oc-c9"/>
      </symbol>
      <symbol id="sm-154">
         <name>GPIOPinRead</name>
         <value>0x17db</value>
         <object_component_ref idref="oc-c9"/>
      </symbol>
      <symbol id="sm-155">
         <name>GPIODirModeSet</name>
         <value>0x11bf</value>
         <object_component_ref idref="oc-c9"/>
      </symbol>
      <symbol id="sm-156">
         <name>GPIOPinTypeQEI</name>
         <value>0x1a77</value>
         <object_component_ref idref="oc-c9"/>
      </symbol>
      <symbol id="sm-157">
         <name>GPIOPinTypeHibernateRTCCLK</name>
         <value>0x199f</value>
         <object_component_ref idref="oc-c9"/>
      </symbol>
      <symbol id="sm-158">
         <name>GPIODMATriggerEnable</name>
         <value>0x1c2d</value>
         <object_component_ref idref="oc-c9"/>
      </symbol>
      <symbol id="sm-159">
         <name>GPIOPinTypeEthernetMII</name>
         <value>0x190f</value>
         <object_component_ref idref="oc-c9"/>
      </symbol>
      <symbol id="sm-15a">
         <name>GPIOPinWrite</name>
         <value>0x17f3</value>
         <object_component_ref idref="oc-c9"/>
      </symbol>
      <symbol id="sm-15b">
         <name>GPIOPadConfigSet</name>
         <value>0x13a9</value>
         <object_component_ref idref="oc-c9"/>
      </symbol>
      <symbol id="sm-15c">
         <name>GPIOPinTypeLCD</name>
         <value>0x1a0b</value>
         <object_component_ref idref="oc-c9"/>
      </symbol>
      <symbol id="sm-15d">
         <name>GPIOPinTypeSSI</name>
         <value>0x1a9b</value>
         <object_component_ref idref="oc-c9"/>
      </symbol>
      <symbol id="sm-15e">
         <name>GPIOPinTypeTimer</name>
         <value>0x1abf</value>
         <object_component_ref idref="oc-c9"/>
      </symbol>
      <symbol id="sm-15f">
         <name>GPIOPinTypeCAN</name>
         <value>0x1837</value>
         <object_component_ref idref="oc-c9"/>
      </symbol>
      <symbol id="sm-160">
         <name>GPIOPinTypeEPI</name>
         <value>0x18c7</value>
         <object_component_ref idref="oc-c9"/>
      </symbol>
      <symbol id="sm-161">
         <name>GPIOPinTypeEthernetLED</name>
         <value>0x18eb</value>
         <object_component_ref idref="oc-c9"/>
      </symbol>
      <symbol id="sm-162">
         <name>GPIOPinWakeStatus</name>
         <value>0x1bbf</value>
         <object_component_ref idref="oc-c9"/>
      </symbol>
      <symbol id="sm-1cd">
         <name>IntPendClear</name>
         <value>0x1fd5</value>
         <object_component_ref idref="oc-f0"/>
      </symbol>
      <symbol id="sm-1ce">
         <name>IntPriorityGroupingGet</name>
         <value>0x1d4f</value>
         <object_component_ref idref="oc-f0"/>
      </symbol>
      <symbol id="sm-1cf">
         <name>IntPrioritySet</name>
         <value>0x1d87</value>
         <object_component_ref idref="oc-f0"/>
      </symbol>
      <symbol id="sm-1d0">
         <name>IntIsEnabled</name>
         <value>0x1edf</value>
         <object_component_ref idref="oc-f0"/>
      </symbol>
      <symbol id="sm-1d1">
         <name>IntEnable</name>
         <value>0x1dfb</value>
         <object_component_ref idref="oc-f0"/>
      </symbol>
      <symbol id="sm-1d2">
         <name>IntTrigger</name>
         <value>0x2037</value>
         <object_component_ref idref="oc-f0"/>
      </symbol>
      <symbol id="sm-1d3">
         <name>IntPriorityMaskSet</name>
         <value>0x2023</value>
         <object_component_ref idref="oc-f0"/>
      </symbol>
      <symbol id="sm-1d4">
         <name>IntPriorityGroupingSet</name>
         <value>0x1d35</value>
         <object_component_ref idref="oc-f0"/>
      </symbol>
      <symbol id="sm-1d5">
         <name>IntDisable</name>
         <value>0x1e6d</value>
         <object_component_ref idref="oc-f0"/>
      </symbol>
      <symbol id="sm-1d6">
         <name>IntRegister</name>
         <value>0x1ccf</value>
         <object_component_ref idref="oc-f0"/>
      </symbol>
      <symbol id="sm-1d7">
         <name>IntPriorityGet</name>
         <value>0x1dd7</value>
         <object_component_ref idref="oc-f0"/>
      </symbol>
      <symbol id="sm-1d8">
         <name>IntMasterDisable</name>
         <value>0x1cbf</value>
         <object_component_ref idref="oc-f0"/>
      </symbol>
      <symbol id="sm-1d9">
         <name>IntUnregister</name>
         <value>0x1d21</value>
         <object_component_ref idref="oc-f0"/>
      </symbol>
      <symbol id="sm-1da">
         <name>IntPriorityMaskGet</name>
         <value>0x202f</value>
         <object_component_ref idref="oc-f0"/>
      </symbol>
      <symbol id="sm-1db">
         <name>g_pfnRAMVectors</name>
         <value>0x20000000</value>
         <object_component_ref idref="oc-11a"/>
      </symbol>
      <symbol id="sm-1dc">
         <name>IntMasterEnable</name>
         <value>0x1caf</value>
         <object_component_ref idref="oc-f0"/>
      </symbol>
      <symbol id="sm-1dd">
         <name>IntPendSet</name>
         <value>0x1f65</value>
         <object_component_ref idref="oc-f0"/>
      </symbol>
      <symbol id="sm-317">
         <name>SysCtlGPIOAHBEnable</name>
         <value>0x103f</value>
         <object_component_ref idref="oc-c3"/>
      </symbol>
      <symbol id="sm-318">
         <name>SysCtlIntRegister</name>
         <value>0x6f9</value>
         <object_component_ref idref="oc-c3"/>
      </symbol>
      <symbol id="sm-319">
         <name>SysCtlFlashSizeGet</name>
         <value>0x339</value>
         <object_component_ref idref="oc-c3"/>
      </symbol>
      <symbol id="sm-31a">
         <name>SysCtlPeripheralDeepSleepEnable</name>
         <value>0x60d</value>
         <object_component_ref idref="oc-c3"/>
      </symbol>
      <symbol id="sm-31b">
         <name>SysCtlLDODeepSleepGet</name>
         <value>0x79f</value>
         <object_component_ref idref="oc-c3"/>
      </symbol>
      <symbol id="sm-31c">
         <name>SysCtlFlashSectorSizeGet</name>
         <value>0x365</value>
         <object_component_ref idref="oc-c3"/>
      </symbol>
      <symbol id="sm-31d">
         <name>SysCtlIntDisable</name>
         <value>0x735</value>
         <object_component_ref idref="oc-c3"/>
      </symbol>
      <symbol id="sm-31e">
         <name>SysCtlResetBehaviorGet</name>
         <value>0x885</value>
         <object_component_ref idref="oc-c3"/>
      </symbol>
      <symbol id="sm-31f">
         <name>SysCtlPeripheralPresent</name>
         <value>0x38d</value>
         <object_component_ref idref="oc-c3"/>
      </symbol>
      <symbol id="sm-320">
         <name>SysCtlDeepSleepClockSet</name>
         <value>0xf69</value>
         <object_component_ref idref="oc-c3"/>
      </symbol>
      <symbol id="sm-321">
         <name>SysCtlClockSet</name>
         <value>0xbf1</value>
         <object_component_ref idref="oc-c3"/>
      </symbol>
      <symbol id="sm-322">
         <name>SysCtlAltClkConfig</name>
         <value>0x10ff</value>
         <object_component_ref idref="oc-c3"/>
      </symbol>
      <symbol id="sm-323">
         <name>SysCtlPeripheralClockGating</name>
         <value>0x6a5</value>
         <object_component_ref idref="oc-c3"/>
      </symbol>
      <symbol id="sm-324">
         <name>SysCtlIntStatus</name>
         <value>0x75d</value>
         <object_component_ref idref="oc-c3"/>
      </symbol>
      <symbol id="sm-325">
         <name>SysCtlIntClear</name>
         <value>0x74d</value>
         <object_component_ref idref="oc-c3"/>
      </symbol>
      <symbol id="sm-326">
         <name>SysCtlVoltageEventStatus</name>
         <value>0x10a9</value>
         <object_component_ref idref="oc-c3"/>
      </symbol>
      <symbol id="sm-327">
         <name>SysCtlVoltageEventConfig</name>
         <value>0x1095</value>
         <object_component_ref idref="oc-c3"/>
      </symbol>
      <symbol id="sm-328">
         <name>SysCtlResetCauseGet</name>
         <value>0x7f5</value>
         <object_component_ref idref="oc-c3"/>
      </symbol>
      <symbol id="sm-329">
         <name>SysCtlSleep</name>
         <value>0x7d1</value>
         <object_component_ref idref="oc-c3"/>
      </symbol>
      <symbol id="sm-32a">
         <name>SysCtlPWMClockGet</name>
         <value>0x1029</value>
         <object_component_ref idref="oc-c3"/>
      </symbol>
      <symbol id="sm-32b">
         <name>SysCtlDeepSleepPowerSet</name>
         <value>0x7b9</value>
         <object_component_ref idref="oc-c3"/>
      </symbol>
      <symbol id="sm-32c">
         <name>SysCtlClockOutConfig</name>
         <value>0x10e3</value>
         <object_component_ref idref="oc-c3"/>
      </symbol>
      <symbol id="sm-32d">
         <name>SysCtlNMIStatus</name>
         <value>0x10c9</value>
         <object_component_ref idref="oc-c3"/>
      </symbol>
      <symbol id="sm-32e">
         <name>SysCtlDeepSleepClockConfigSet</name>
         <value>0xf85</value>
         <object_component_ref idref="oc-c3"/>
      </symbol>
      <symbol id="sm-32f">
         <name>SysCtlDelay</name>
         <value>0x2417</value>
         <object_component_ref idref="oc-cf"/>
      </symbol>
      <symbol id="sm-330">
         <name>SysCtlVoltageEventClear</name>
         <value>0x10af</value>
         <object_component_ref idref="oc-c3"/>
      </symbol>
      <symbol id="sm-331">
         <name>SysCtlLDOSleepSet</name>
         <value>0x779</value>
         <object_component_ref idref="oc-c3"/>
      </symbol>
      <symbol id="sm-332">
         <name>SysCtlMOSCConfigSet</name>
         <value>0x80f</value>
         <object_component_ref idref="oc-c3"/>
      </symbol>
      <symbol id="sm-333">
         <name>SysCtlPeripheralEnable</name>
         <value>0x50d</value>
         <object_component_ref idref="oc-c3"/>
      </symbol>
      <symbol id="sm-334">
         <name>SysCtlIntEnable</name>
         <value>0x721</value>
         <object_component_ref idref="oc-c3"/>
      </symbol>
      <symbol id="sm-335">
         <name>SysCtlNMIClear</name>
         <value>0x10cf</value>
         <object_component_ref idref="oc-c3"/>
      </symbol>
      <symbol id="sm-336">
         <name>SysCtlPeripheralPowerOff</name>
         <value>0x449</value>
         <object_component_ref idref="oc-c3"/>
      </symbol>
      <symbol id="sm-337">
         <name>SysCtlSleepPowerSet</name>
         <value>0x7a5</value>
         <object_component_ref idref="oc-c3"/>
      </symbol>
      <symbol id="sm-338">
         <name>SysCtlDeepSleep</name>
         <value>0x7d9</value>
         <object_component_ref idref="oc-c3"/>
      </symbol>
      <symbol id="sm-339">
         <name>SysCtlLDODeepSleepSet</name>
         <value>0x78f</value>
         <object_component_ref idref="oc-c3"/>
      </symbol>
      <symbol id="sm-33a">
         <name>SysCtlPeripheralPowerOn</name>
         <value>0x40d</value>
         <object_component_ref idref="oc-c3"/>
      </symbol>
      <symbol id="sm-33b">
         <name>SysCtlPeripheralDeepSleepDisable</name>
         <value>0x65d</value>
         <object_component_ref idref="oc-c3"/>
      </symbol>
      <symbol id="sm-33c">
         <name>SysCtlPeripheralSleepDisable</name>
         <value>0x5d1</value>
         <object_component_ref idref="oc-c3"/>
      </symbol>
      <symbol id="sm-33d">
         <name>SysCtlResetBehaviorSet</name>
         <value>0x875</value>
         <object_component_ref idref="oc-c3"/>
      </symbol>
      <symbol id="sm-33e">
         <name>SysCtlReset</name>
         <value>0x7c9</value>
         <object_component_ref idref="oc-c3"/>
      </symbol>
      <symbol id="sm-33f">
         <name>SysCtlGPIOAHBDisable</name>
         <value>0x105b</value>
         <object_component_ref idref="oc-c3"/>
      </symbol>
      <symbol id="sm-340">
         <name>SysCtlSRAMSizeGet</name>
         <value>0x32f</value>
         <object_component_ref idref="oc-c3"/>
      </symbol>
      <symbol id="sm-341">
         <name>SysCtlClockGet</name>
         <value>0xdbd</value>
         <object_component_ref idref="oc-c3"/>
      </symbol>
      <symbol id="sm-342">
         <name>SysCtlPeripheralDisable</name>
         <value>0x549</value>
         <object_component_ref idref="oc-c3"/>
      </symbol>
      <symbol id="sm-343">
         <name>SysCtlPWMClockSet</name>
         <value>0x100f</value>
         <object_component_ref idref="oc-c3"/>
      </symbol>
      <symbol id="sm-344">
         <name>SysCtlUSBPLLEnable</name>
         <value>0x1077</value>
         <object_component_ref idref="oc-c3"/>
      </symbol>
      <symbol id="sm-345">
         <name>SysCtlPeripheralSleepEnable</name>
         <value>0x58d</value>
         <object_component_ref idref="oc-c3"/>
      </symbol>
      <symbol id="sm-346">
         <name>SysCtlIntUnregister</name>
         <value>0x711</value>
         <object_component_ref idref="oc-c3"/>
      </symbol>
      <symbol id="sm-347">
         <name>SysCtlUSBPLLDisable</name>
         <value>0x1083</value>
         <object_component_ref idref="oc-c3"/>
      </symbol>
      <symbol id="sm-348">
         <name>SysCtlPeripheralReady</name>
         <value>0x3cd</value>
         <object_component_ref idref="oc-c3"/>
      </symbol>
      <symbol id="sm-349">
         <name>SysCtlPIOSCCalibrate</name>
         <value>0x825</value>
         <object_component_ref idref="oc-c3"/>
      </symbol>
      <symbol id="sm-34a">
         <name>SysCtlResetCauseClear</name>
         <value>0x7fb</value>
         <object_component_ref idref="oc-c3"/>
      </symbol>
      <symbol id="sm-34b">
         <name>SysCtlLDOSleepGet</name>
         <value>0x789</value>
         <object_component_ref idref="oc-c3"/>
      </symbol>
      <symbol id="sm-34c">
         <name>SysCtlClockFreqSet</name>
         <value>0x8d9</value>
         <object_component_ref idref="oc-c3"/>
      </symbol>
      <symbol id="sm-34d">
         <name>SysCtlPeripheralReset</name>
         <value>0x485</value>
         <object_component_ref idref="oc-c3"/>
      </symbol>
      <symbol id="sm-367">
         <name>_c_int00</name>
         <value>0x225d</value>
         <object_component_ref idref="oc-24"/>
      </symbol>
      <symbol id="sm-368">
         <name>__stack</name>
         <value>0x2000026c</value>
         <object_component_ref idref="oc-29"/>
      </symbol>
      <symbol id="sm-37f">
         <name>__TI_decompress_none</name>
         <value>0x23f1</value>
         <object_component_ref idref="oc-12"/>
      </symbol>
      <symbol id="sm-3a7">
         <name>__TI_decompress_rle24</name>
         <value>0x241d</value>
         <object_component_ref idref="oc-18"/>
      </symbol>
      <symbol id="sm-3b9">
         <name>__TI_zero_init</name>
         <value>0x23ff</value>
         <object_component_ref idref="oc-1e"/>
      </symbol>
      <symbol id="sm-3d8">
         <name>C$$EXIT</name>
         <value>0x2341</value>
         <object_component_ref idref="oc-6a"/>
      </symbol>
      <symbol id="sm-3d9">
         <name>abort</name>
         <value>0x2345</value>
         <object_component_ref idref="oc-6a"/>
      </symbol>
      <symbol id="sm-3da">
         <name>exit</name>
         <value>0x234d</value>
         <object_component_ref idref="oc-6a"/>
      </symbol>
      <symbol id="sm-3db">
         <name>__TI_dtors_ptr</name>
         <value>0x20000478</value>
         <object_component_ref idref="oc-a8"/>
      </symbol>
      <symbol id="sm-3dc">
         <name>__TI_cleanup_ptr</name>
         <value>0x20000474</value>
         <object_component_ref idref="oc-a8"/>
      </symbol>
      <symbol id="sm-3f7">
         <name>memcpy</name>
         <value>0x206d</value>
         <object_component_ref idref="oc-33"/>
      </symbol>
      <symbol id="sm-3f8">
         <name>__aeabi_memcpy</name>
         <value>0x206d</value>
         <object_component_ref idref="oc-33"/>
      </symbol>
      <symbol id="sm-3f9">
         <name>__aeabi_memcpy8</name>
         <value>0x206d</value>
         <object_component_ref idref="oc-33"/>
      </symbol>
      <symbol id="sm-3fa">
         <name>__aeabi_memcpy4</name>
         <value>0x206d</value>
         <object_component_ref idref="oc-33"/>
      </symbol>
      <symbol id="sm-409">
         <name>__aeabi_memset</name>
         <value>0x210b</value>
         <object_component_ref idref="oc-4c"/>
      </symbol>
      <symbol id="sm-40a">
         <name>memset</name>
         <value>0x2111</value>
         <object_component_ref idref="oc-4c"/>
      </symbol>
      <symbol id="sm-40b">
         <name>__aeabi_memset8</name>
         <value>0x210b</value>
         <object_component_ref idref="oc-4c"/>
      </symbol>
      <symbol id="sm-40c">
         <name>__aeabi_memset4</name>
         <value>0x210b</value>
         <object_component_ref idref="oc-4c"/>
      </symbol>
      <symbol id="sm-40d">
         <name>__aeabi_memclr8</name>
         <value>0x2109</value>
         <object_component_ref idref="oc-4c"/>
      </symbol>
      <symbol id="sm-40e">
         <name>__aeabi_memclr4</name>
         <value>0x2109</value>
         <object_component_ref idref="oc-4c"/>
      </symbol>
      <symbol id="sm-40f">
         <name>__aeabi_memclr</name>
         <value>0x2109</value>
         <object_component_ref idref="oc-4c"/>
      </symbol>
      <symbol id="sm-419">
         <name>_system_pre_init</name>
         <value>0x2423</value>
         <object_component_ref idref="oc-58"/>
      </symbol>
      <symbol id="sm-421">
         <name>main_func_sp</name>
         <value>0x2000047c</value>
         <object_component_ref idref="oc-70"/>
      </symbol>
      <symbol id="sm-43d">
         <name>_nop</name>
         <value>0x23eb</value>
         <object_component_ref idref="oc-d8"/>
      </symbol>
      <symbol id="sm-43e">
         <name>_lock</name>
         <value>0x2000046c</value>
         <object_component_ref idref="oc-a5"/>
      </symbol>
      <symbol id="sm-43f">
         <name>_unlock</name>
         <value>0x20000470</value>
         <object_component_ref idref="oc-a5"/>
      </symbol>
      <symbol id="sm-440">
         <name>_register_lock</name>
         <value>0x23e3</value>
         <object_component_ref idref="oc-d8"/>
      </symbol>
      <symbol id="sm-441">
         <name>_register_unlock</name>
         <value>0x23dd</value>
         <object_component_ref idref="oc-d8"/>
      </symbol>
      <symbol id="sm-456">
         <name>_args_main</name>
         <value>0x23c5</value>
         <object_component_ref idref="oc-64"/>
      </symbol>
      <symbol id="sm-47c">
         <name>__TI_auto_init</name>
         <value>0x2185</value>
         <object_component_ref idref="oc-5e"/>
      </symbol>
      <symbol id="sm-496">
         <name>copy_in</name>
         <value>0x22ad</value>
         <object_component_ref idref="oc-95"/>
      </symbol>
      <symbol id="sm-499">
         <name>__TI_static_base__</name>
         <value>0x0</value>
      </symbol>
      <symbol id="sm-49c">
         <name>SHT$$INIT_ARRAY$$Limit</name>
         <value>0x0</value>
      </symbol>
      <symbol id="sm-49d">
         <name>SHT$$INIT_ARRAY$$Base</name>
         <value>0x0</value>
      </symbol>
   </symbol_table>
   <title>Link errors: red sections failed placement</title>
</link_info>
